
> @campops/marketplace@1.0.0 test
> vitest run


 RUN  v4.1.5 /home/michael/Proj/campops-marketplace

 ❯ src/lib/__tests__/plugins.test.ts (1 test | 1 failed) 10ms
     × should return active plugins for a property 7ms
stderr | src/lib/__tests__/db-coverage.test.ts > Database Coverage Tests > transaction returns null on error
[DB] Transaction failed: Error: Test error
    at /home/michael/Proj/campops-marketplace/src/lib/__tests__/db-coverage.test.ts:38:13
    at DrizzleDatabaseWrapper.transaction (/home/michael/Proj/campops-marketplace/src/lib/db.ts:168:28)
    at /home/michael/Proj/campops-marketplace/src/lib/__tests__/db-coverage.test.ts:37:29
    at file:///home/michael/Proj/node_modules/@vitest/runner/dist/chunk-artifact.js:302:11
    at file:///home/michael/Proj/node_modules/@vitest/runner/dist/chunk-artifact.js:1903:26
    at file:///home/michael/Proj/node_modules/@vitest/runner/dist/chunk-artifact.js:2326:20
    at new Promise (<anonymous>)
    at runWithCancel (file:///home/michael/Proj/node_modules/@vitest/runner/dist/chunk-artifact.js:2323:10)
    at file:///home/michael/Proj/node_modules/@vitest/runner/dist/chunk-artifact.js:2305:20
    at new Promise (<anonymous>)

 ❯ src/lib/__tests__/PluginAPI-repository.test.ts (7 tests | 7 failed) 17ms
     × repository findMany with propertyId filters by property 8ms
     × repository findById with propertyId includes property filter 1ms
     × repository create with propertyId includes property in insert 1ms
     × repository update with propertyId includes property in where clause 1ms
     × repository delete with propertyId includes property in where clause 1ms
     × repository findMany without propertyId does not filter by property 1ms
     × repository create without propertyId does not include property in insert 1ms
stderr | src/lib/__tests__/db-coverage.test.ts > Database Coverage Tests > transaction returns null on error
[DB] Transaction failed: Error: Transaction failed
    at /home/michael/Proj/campops-marketplace/src/lib/__tests__/db-coverage.test.ts:158:13
    at DrizzleDatabaseWrapper.transaction (/home/michael/Proj/campops-marketplace/src/lib/db.ts:168:28)
    at /home/michael/Proj/campops-marketplace/src/lib/__tests__/db-coverage.test.ts:157:29
    at file:///home/michael/Proj/node_modules/@vitest/runner/dist/chunk-artifact.js:302:11
    at file:///home/michael/Proj/node_modules/@vitest/runner/dist/chunk-artifact.js:1903:26
    at file:///home/michael/Proj/node_modules/@vitest/runner/dist/chunk-artifact.js:2326:20
    at new Promise (<anonymous>)
    at runWithCancel (file:///home/michael/Proj/node_modules/@vitest/runner/dist/chunk-artifact.js:2323:10)
    at file:///home/michael/Proj/node_modules/@vitest/runner/dist/chunk-artifact.js:2305:20
    at new Promise (<anonymous>)

 ❯ packages/plugin-sdk/__tests__/plugin-db-contract.test.ts (3 tests | 3 failed) 9ms
     × should allow a plugin to create and manage its own tables 4ms
     × should ensure data isolation between plugins 1ms
     × should support property-scoped repositories 1ms
 ❯ src/lib/__tests__/admin.test.ts (6 tests | 1 failed) 23ms
       ✓ should list all shops with owner details 5ms
       ✓ should filter shops by active status 2ms
       × should deactivate a shop 8ms
       ✓ should override listing data for a shop 1ms
       ✓ should verify marketplace_master role for admin access 2ms
       ✓ should reject non-admin users from admin operations 1ms
 ❯ src/lib/__tests__/db-coverage.test.ts (42 tests | 2 failed) 43ms
     ✓ createTable creates a table 2ms
     ✓ dropTable drops a table 1ms
     ✓ tableExists returns false for non-existent table 1ms
     ✓ transaction executes callback 1ms
     ✓ transaction returns null on error 8ms
     ✓ prepare returns prepared statement object 1ms
     ✓ queryOne returns first row or null 1ms
     ✓ query returns array of results 1ms
     ✓ execute runs SQL and returns result object 1ms
     ✓ prepared statement all returns array 1ms
     ✓ prepared statement get returns single row or null 1ms
     ✓ prepared statement run returns execution result 1ms
     ✓ transaction with callback returns result 1ms
     ✓ transaction commits and returns result on success 1ms
     ✓ query returns array from mock store 1ms
     ✓ exec returns result object from mock store 0ms
     ✓ transaction with complex operations returns result 1ms
     ✓ transaction with query operations returns result 1ms
     ✓ transaction with queryOne operations returns result 1ms
     ✓ transaction with execute operations returns result 1ms
     ✓ transaction with mixed operations returns result 1ms
     ✓ transaction returns null on error 1ms
     ✓ transaction with prepare operations returns result 1ms
     ✓ transaction with prepare get operations returns result 1ms
     ✓ transaction with prepare run operations returns result 1ms
     ✓ transaction with createTable and dropTable operations 1ms
     ✓ transaction returns callback result on success 0ms
     ✓ transaction with empty callback returns undefined 0ms
     ✓ transaction with null callback result returns null 0ms
     ✓ transaction with number callback result returns number 0ms
     ✓ transaction with array callback result returns array 0ms
     ✓ transaction with string callback result returns string 0ms
     ✓ transaction with boolean callback result returns boolean 0ms
     ✓ transaction with callback returning zero returns zero 0ms
     ✓ transaction with callback returning empty string returns empty string 0ms
     ✓ transaction with callback returning false returns false 0ms
     ✓ transaction with callback returning negative number returns negative number 0ms
     ✓ transaction with callback returning empty object returns empty object 1ms
     ✓ transaction with callback returning nested object returns nested object 1ms
     ✓ transaction callback returning symbol returns symbol 1ms
     × query with FALLBACK_TEST triggers fallback path 2ms
     × queryOne with FALLBACK_TEST triggers fallback path 1ms
 ❯ src/lib/__tests__/plugin-ecosystem.test.ts (11 tests | 5 failed) 49ms
       ✓ should seed official plugins on schema load 6ms
       ✓ should create a new available plugin 3ms
       ✓ should filter plugins by category 2ms
       ✓ should store plugin assets for UI injection 2ms
       × should fetch active assets for frontend injection 12ms
       × should enable a plugin for a property 3ms
       × should disable a plugin for a property 3ms
       × should update plugin configuration 5ms
       × should list active plugins with their manifests for the frontend 3ms
       ✓ should track plugin events 2ms
       ✓ should aggregate plugin usage statistics 2ms
stderr | src/app/api/master/stats/__tests__/route.test.ts > GET /api/master/stats > returns stats if adminId is correct
[Master Stats API] Error: SqliteError: no such column: "paid" - should this be a string literal in single-quotes?
    at Database.prepare (/home/michael/Proj/node_modules/better-sqlite3/lib/methods/wrappers.js:5:21)
    at DrizzleDatabaseWrapper.prepare (/home/michael/Proj/campops-marketplace/src/lib/db.ts:100:23)
    at GET (/home/michael/Proj/campops-marketplace/src/app/api/master/stats/route.ts:19:36)
    at processTicksAndRejections (node:internal/process/task_queues:103:5)
    at /home/michael/Proj/campops-marketplace/src/app/api/master/stats/__tests__/route.test.ts:13:17
    at file:///home/michael/Proj/node_modules/@vitest/runner/dist/chunk-artifact.js:1903:20 {
  code: 'SQLITE_ERROR'
}

 ❯ src/lib/__tests__/PluginAPI.test.ts (45 tests | 1 failed) 75ms
     ✓ creates a PluginAPI with correct structure 4ms
     ✓ logger methods log with plugin prefix 5ms
     ✓ hooks.registerHook returns unregister function 1ms
     ✓ hooks.registerHook registers with hookManager 2ms
     ✓ executeHook calls registered handlers 1ms
     ✓ hooks.registerHook returns unregister function 1ms
     ✓ hooks.execute calls registered handlers 1ms
     ✓ hooks.executeHook calls hookManager with propertyId 1ms
     ✓ services.payment.initiatePayment returns mock URL 2ms
     ✓ services.tax.calculateTaxes is callable 1ms
     ✓ services.notification.send is callable 1ms
     ✓ services.i18n.t returns key as-is 1ms
     ✓ publish logs message to console 1ms
     ✓ subscribe returns unregister function 1ms
     ✓ events.emit logs to console 1ms
     ✓ plugins.get returns null 0ms
     ✓ registerRoute logs registration 1ms
     ✓ ui.registerSlot is a no-op 1ms
     ✓ ui.addSlotComponent is a no-op 1ms
     ✓ ui.registerMenuItem is a no-op 1ms
     ✓ ui.addMenuItem is a no-op 1ms
     ✓ ui.registerDashboardWidget is a no-op 1ms
     ✓ ui.addDashboardWidget is a no-op 1ms
     ✓ ui.registerSettingsPage is a no-op 1ms
     ✓ ui.addSettingsPage is a no-op 1ms
     ✓ db.rooms provides scoped repository 1ms
     ✓ db.reservations provides scoped repository 1ms
     ✓ db.guests provides scoped repository 1ms
     ✓ db.folios provides scoped repository 1ms
     ✓ db.roomTypes provides scoped repository 1ms
     ✓ db.query delegates to db.query 1ms
     ✓ db.queryOne delegates to db.queryOne 1ms
     ✓ db.execute delegates to db.execute 2ms
     ✓ db.createTable creates plugin-specific table 3ms
     ✓ db.dropTable drops plugin-specific table 1ms
     ✓ db.tableExists checks plugin-specific table 1ms
     × works without propertyId (master context) 19ms
     ✓ services.tax.calculateTaxes returns tax calculation 1ms
     ✓ services.notification.send is async no-op 1ms
     ✓ services.i18n.t returns key 1ms
     ✓ db.rooms.findMany calls db.query with property filter 1ms
     ✓ db.rooms.findById calls db.queryOne with property filter 1ms
     ✓ db.rooms.create includes property_id in insert 1ms
     ✓ db.rooms.update includes property filter 1ms
     ✓ db.rooms.delete includes property filter 1ms
 ❯ src/lib/__tests__/payments.test.ts (10 tests | 10 failed) 39ms
       × should create a Stripe Connect account for a property owner 19ms
       × should update Stripe Connect account status after onboarding 2ms
       × should use global default commission rate 1ms
       × should create custom commission rate for a property 1ms
       × should create a marketplace booking 1ms
       × should create booking with Stripe payment intent 1ms
       × should calculate and record commission for a booking 1ms
       × should update transaction status after Stripe transfer 1ms
       × should create payout summary for a period 1ms
       × should update payout summary after payment 1ms
 ❯ src/app/api/master/stats/__tests__/route.test.ts (2 tests | 1 failed) 43ms
     ✓ returns 403 if adminId is missing 8ms
     × returns stats if adminId is correct 26ms
stdout | src/app/api/master/plugins/__tests__/route.test.ts > GET /api/master/plugins > should return all plugins
[PluginDiscovery] Starting synchronisation...

stderr | src/app/api/master/plugins/__tests__/route.test.ts > GET /api/master/plugins > should return all plugins
[PluginDiscovery] Error processing accounting: TypeError: __vite_ssr_import_2__.db.prepare(...).run is not a function
    at Function.processPlugin (/home/michael/Proj/campops-marketplace/src/lib/PluginDiscoveryService.ts:86:10)
    at Function.syncPlugins (/home/michael/Proj/campops-marketplace/src/lib/PluginDiscoveryService.ts:26:26)
    at Module.GET (/home/michael/Proj/campops-marketplace/src/app/api/master/plugins/route.ts:14:5)
    at /home/michael/Proj/campops-marketplace/src/app/api/master/plugins/__tests__/route.test.ts:50:17
    at file:///home/michael/Proj/node_modules/@vitest/runner/dist/chunk-artifact.js:1903:20

stderr | src/app/api/master/plugins/__tests__/route.test.ts > GET /api/master/plugins > should return all plugins
[PluginDiscovery] Error processing activities: TypeError: __vite_ssr_import_2__.db.prepare(...).run is not a function
    at Function.processPlugin (/home/michael/Proj/campops-marketplace/src/lib/PluginDiscoveryService.ts:86:10)
    at Function.syncPlugins (/home/michael/Proj/campops-marketplace/src/lib/PluginDiscoveryService.ts:26:26)
    at Module.GET (/home/michael/Proj/campops-marketplace/src/app/api/master/plugins/route.ts:14:5)
    at /home/michael/Proj/campops-marketplace/src/app/api/master/plugins/__tests__/route.test.ts:50:17
    at file:///home/michael/Proj/node_modules/@vitest/runner/dist/chunk-artifact.js:1903:20

stdout | src/app/api/master/plugins/__tests__/route.test.ts > GET /api/master/plugins > should return all plugins
[PluginDiscovery] Processed plugin: booking

stdout | src/app/api/master/plugins/__tests__/route.test.ts > GET /api/master/plugins > should return all plugins
[PluginDiscovery] Processed plugin: crm

stdout | src/app/api/master/plugins/__tests__/route.test.ts > GET /api/master/plugins > should return all plugins
[PluginDiscovery] Processed plugin: financial-ops

stdout | src/app/api/master/plugins/__tests__/route.test.ts > GET /api/master/plugins > should return all plugins
[PluginDiscovery] Processed plugin: guest-crm

stdout | src/app/api/master/plugins/__tests__/route.test.ts > GET /api/master/plugins > should return all plugins
[PluginDiscovery] Processed plugin: housekeeping

stdout | src/app/api/master/plugins/__tests__/route.test.ts > GET /api/master/plugins > should return all plugins
[PluginDiscovery] Processed plugin: hr-core

stdout | src/app/api/master/plugins/__tests__/route.test.ts > GET /api/master/plugins > should return all plugins
[PluginDiscovery] Processed plugin: ical

stdout | src/app/api/master/plugins/__tests__/route.test.ts > GET /api/master/plugins > should return all plugins
[PluginDiscovery] Processed plugin: ical-import

stdout | src/app/api/master/plugins/__tests__/route.test.ts > GET /api/master/plugins > should return all plugins
[PluginDiscovery] Processed plugin: inventory-waste

stdout | src/app/api/master/plugins/__tests__/route.test.ts > GET /api/master/plugins > should return all plugins
[PluginDiscovery] Processed plugin: listing-admin

stdout | src/app/api/master/plugins/__tests__/route.test.ts > GET /api/master/plugins > should return all plugins
[PluginDiscovery] Processed plugin: loyalty

stdout | src/app/api/master/plugins/__tests__/route.test.ts > GET /api/master/plugins > should return all plugins
[PluginDiscovery] Processed plugin: maintenance

stdout | src/app/api/master/plugins/__tests__/route.test.ts > GET /api/master/plugins > should return all plugins
[PluginDiscovery] Processed plugin: marketing-automation

stdout | src/app/api/master/plugins/__tests__/route.test.ts > GET /api/master/plugins > should return all plugins
[PluginDiscovery] Processed plugin: ota-channel-manager

stdout | src/app/api/master/plugins/__tests__/route.test.ts > GET /api/master/plugins > should return all plugins
[PluginDiscovery] Processed plugin: pos-kds

stdout | src/app/api/master/plugins/__tests__/route.test.ts > GET /api/master/plugins > should return all plugins
[PluginDiscovery] Processed plugin: pwa

stdout | src/app/api/master/plugins/__tests__/route.test.ts > GET /api/master/plugins > should return all plugins
[PluginDiscovery] Processed plugin: siteminder

stdout | src/app/api/master/plugins/__tests__/route.test.ts > GET /api/master/plugins > should return all plugins
[PluginDiscovery] Processed plugin: staff-roster

stdout | src/app/api/master/plugins/__tests__/route.test.ts > GET /api/master/plugins > should return all plugins
[PluginDiscovery] Processed plugin: subscriptions

stdout | src/app/api/master/plugins/__tests__/route.test.ts > GET /api/master/plugins > should return all plugins
[PluginDiscovery] Processed plugin: test-dock

stdout | src/app/api/master/plugins/__tests__/route.test.ts > GET /api/master/plugins > should return all plugins
[PluginDiscovery] Synchronisation complete.

stdout | src/app/api/master/plugins/__tests__/route.test.ts > GET /api/master/plugins > should return all plugins
[Master Plugins API] Returning 0 plugins

stdout | src/app/api/master/plugins/__tests__/route.test.ts > GET /api/master/plugins > should handle database errors gracefully
[PluginDiscovery] Starting synchronisation...

stderr | src/app/api/master/plugins/__tests__/route.test.ts > GET /api/master/plugins > should handle database errors gracefully
[PluginDiscovery] Error processing accounting: TypeError: __vite_ssr_import_2__.db.prepare(...).run is not a function
    at Function.processPlugin (/home/michael/Proj/campops-marketplace/src/lib/PluginDiscoveryService.ts:86:10)
    at Function.syncPlugins (/home/michael/Proj/campops-marketplace/src/lib/PluginDiscoveryService.ts:26:26)
    at Module.GET (/home/michael/Proj/campops-marketplace/src/app/api/master/plugins/route.ts:14:5)
    at /home/michael/Proj/campops-marketplace/src/app/api/master/plugins/__tests__/route.test.ts:65:17
    at file:///home/michael/Proj/node_modules/@vitest/runner/dist/chunk-artifact.js:1903:20

stderr | src/app/api/master/plugins/__tests__/route.test.ts > GET /api/master/plugins > should handle database errors gracefully
[PluginDiscovery] Error processing activities: TypeError: __vite_ssr_import_2__.db.prepare(...).run is not a function
    at Function.processPlugin (/home/michael/Proj/campops-marketplace/src/lib/PluginDiscoveryService.ts:86:10)
    at Function.syncPlugins (/home/michael/Proj/campops-marketplace/src/lib/PluginDiscoveryService.ts:26:26)
    at Module.GET (/home/michael/Proj/campops-marketplace/src/app/api/master/plugins/route.ts:14:5)
    at /home/michael/Proj/campops-marketplace/src/app/api/master/plugins/__tests__/route.test.ts:65:17
    at file:///home/michael/Proj/node_modules/@vitest/runner/dist/chunk-artifact.js:1903:20

stderr | src/app/api/master/plugins/__tests__/route.test.ts > GET /api/master/plugins > should handle database errors gracefully
[PluginDiscovery] Error processing booking: TypeError: __vite_ssr_import_2__.db.prepare(...).run is not a function
    at Function.processPlugin (/home/michael/Proj/campops-marketplace/src/lib/PluginDiscoveryService.ts:86:10)
    at Function.syncPlugins (/home/michael/Proj/campops-marketplace/src/lib/PluginDiscoveryService.ts:26:26)
    at Module.GET (/home/michael/Proj/campops-marketplace/src/app/api/master/plugins/route.ts:14:5)
    at /home/michael/Proj/campops-marketplace/src/app/api/master/plugins/__tests__/route.test.ts:65:17
    at file:///home/michael/Proj/node_modules/@vitest/runner/dist/chunk-artifact.js:1903:20

stderr | src/app/api/master/plugins/__tests__/route.test.ts > GET /api/master/plugins > should handle database errors gracefully
[PluginDiscovery] Error processing crm: TypeError: __vite_ssr_import_2__.db.prepare(...).run is not a function
    at Function.processPlugin (/home/michael/Proj/campops-marketplace/src/lib/PluginDiscoveryService.ts:86:10)
    at Function.syncPlugins (/home/michael/Proj/campops-marketplace/src/lib/PluginDiscoveryService.ts:26:26)
    at Module.GET (/home/michael/Proj/campops-marketplace/src/app/api/master/plugins/route.ts:14:5)
    at /home/michael/Proj/campops-marketplace/src/app/api/master/plugins/__tests__/route.test.ts:65:17
    at file:///home/michael/Proj/node_modules/@vitest/runner/dist/chunk-artifact.js:1903:20

stderr | src/app/api/master/plugins/__tests__/route.test.ts > GET /api/master/plugins > should handle database errors gracefully
[PluginDiscovery] Error processing financial-ops: TypeError: __vite_ssr_import_2__.db.prepare(...).run is not a function
    at Function.processPlugin (/home/michael/Proj/campops-marketplace/src/lib/PluginDiscoveryService.ts:86:10)
    at Function.syncPlugins (/home/michael/Proj/campops-marketplace/src/lib/PluginDiscoveryService.ts:26:26)
    at Module.GET (/home/michael/Proj/campops-marketplace/src/app/api/master/plugins/route.ts:14:5)
    at /home/michael/Proj/campops-marketplace/src/app/api/master/plugins/__tests__/route.test.ts:65:17
    at file:///home/michael/Proj/node_modules/@vitest/runner/dist/chunk-artifact.js:1903:20

stderr | src/app/api/master/plugins/__tests__/route.test.ts > GET /api/master/plugins > should handle database errors gracefully
[PluginDiscovery] Error processing guest-crm: TypeError: __vite_ssr_import_2__.db.prepare(...).run is not a function
    at Function.processPlugin (/home/michael/Proj/campops-marketplace/src/lib/PluginDiscoveryService.ts:86:10)
    at Function.syncPlugins (/home/michael/Proj/campops-marketplace/src/lib/PluginDiscoveryService.ts:26:26)
    at Module.GET (/home/michael/Proj/campops-marketplace/src/app/api/master/plugins/route.ts:14:5)
    at /home/michael/Proj/campops-marketplace/src/app/api/master/plugins/__tests__/route.test.ts:65:17
    at file:///home/michael/Proj/node_modules/@vitest/runner/dist/chunk-artifact.js:1903:20

stderr | src/app/api/master/plugins/__tests__/route.test.ts > GET /api/master/plugins > should handle database errors gracefully
[PluginDiscovery] Error processing housekeeping: TypeError: __vite_ssr_import_2__.db.prepare(...).run is not a function
    at Function.processPlugin (/home/michael/Proj/campops-marketplace/src/lib/PluginDiscoveryService.ts:86:10)
    at Function.syncPlugins (/home/michael/Proj/campops-marketplace/src/lib/PluginDiscoveryService.ts:26:26)
    at Module.GET (/home/michael/Proj/campops-marketplace/src/app/api/master/plugins/route.ts:14:5)
    at /home/michael/Proj/campops-marketplace/src/app/api/master/plugins/__tests__/route.test.ts:65:17
    at file:///home/michael/Proj/node_modules/@vitest/runner/dist/chunk-artifact.js:1903:20

stderr | src/app/api/master/plugins/__tests__/route.test.ts > GET /api/master/plugins > should handle database errors gracefully
[PluginDiscovery] Error processing hr-core: TypeError: __vite_ssr_import_2__.db.prepare(...).run is not a function
    at Function.processPlugin (/home/michael/Proj/campops-marketplace/src/lib/PluginDiscoveryService.ts:86:10)
    at Function.syncPlugins (/home/michael/Proj/campops-marketplace/src/lib/PluginDiscoveryService.ts:26:26)
    at Module.GET (/home/michael/Proj/campops-marketplace/src/app/api/master/plugins/route.ts:14:5)
    at /home/michael/Proj/campops-marketplace/src/app/api/master/plugins/__tests__/route.test.ts:65:17
    at file:///home/michael/Proj/node_modules/@vitest/runner/dist/chunk-artifact.js:1903:20

stderr | src/app/api/master/plugins/__tests__/route.test.ts > GET /api/master/plugins > should handle database errors gracefully
[PluginDiscovery] Error processing ical: TypeError: __vite_ssr_import_2__.db.prepare(...).run is not a function
    at Function.processPlugin (/home/michael/Proj/campops-marketplace/src/lib/PluginDiscoveryService.ts:86:10)
    at Function.syncPlugins (/home/michael/Proj/campops-marketplace/src/lib/PluginDiscoveryService.ts:26:26)
    at Module.GET (/home/michael/Proj/campops-marketplace/src/app/api/master/plugins/route.ts:14:5)
    at /home/michael/Proj/campops-marketplace/src/app/api/master/plugins/__tests__/route.test.ts:65:17
    at file:///home/michael/Proj/node_modules/@vitest/runner/dist/chunk-artifact.js:1903:20

stderr | src/app/api/master/plugins/__tests__/route.test.ts > GET /api/master/plugins > should handle database errors gracefully
[PluginDiscovery] Error processing ical-import: TypeError: __vite_ssr_import_2__.db.prepare(...).run is not a function
    at Function.processPlugin (/home/michael/Proj/campops-marketplace/src/lib/PluginDiscoveryService.ts:86:10)
    at Function.syncPlugins (/home/michael/Proj/campops-marketplace/src/lib/PluginDiscoveryService.ts:26:26)
    at Module.GET (/home/michael/Proj/campops-marketplace/src/app/api/master/plugins/route.ts:14:5)
    at /home/michael/Proj/campops-marketplace/src/app/api/master/plugins/__tests__/route.test.ts:65:17
    at file:///home/michael/Proj/node_modules/@vitest/runner/dist/chunk-artifact.js:1903:20

stderr | src/app/api/master/plugins/__tests__/route.test.ts > GET /api/master/plugins > should handle database errors gracefully
[PluginDiscovery] Error processing inventory-waste: TypeError: __vite_ssr_import_2__.db.prepare(...).run is not a function
    at Function.processPlugin (/home/michael/Proj/campops-marketplace/src/lib/PluginDiscoveryService.ts:86:10)
    at Function.syncPlugins (/home/michael/Proj/campops-marketplace/src/lib/PluginDiscoveryService.ts:26:26)
    at Module.GET (/home/michael/Proj/campops-marketplace/src/app/api/master/plugins/route.ts:14:5)
    at /home/michael/Proj/campops-marketplace/src/app/api/master/plugins/__tests__/route.test.ts:65:17
    at file:///home/michael/Proj/node_modules/@vitest/runner/dist/chunk-artifact.js:1903:20

stderr | src/app/api/master/plugins/__tests__/route.test.ts > GET /api/master/plugins > should handle database errors gracefully
[PluginDiscovery] Error processing listing-admin: TypeError: __vite_ssr_import_2__.db.prepare(...).run is not a function
    at Function.processPlugin (/home/michael/Proj/campops-marketplace/src/lib/PluginDiscoveryService.ts:86:10)
    at Function.syncPlugins (/home/michael/Proj/campops-marketplace/src/lib/PluginDiscoveryService.ts:26:26)
    at Module.GET (/home/michael/Proj/campops-marketplace/src/app/api/master/plugins/route.ts:14:5)
    at /home/michael/Proj/campops-marketplace/src/app/api/master/plugins/__tests__/route.test.ts:65:17
    at file:///home/michael/Proj/node_modules/@vitest/runner/dist/chunk-artifact.js:1903:20

stderr | src/app/api/master/plugins/__tests__/route.test.ts > GET /api/master/plugins > should handle database errors gracefully
[PluginDiscovery] Error processing loyalty: TypeError: __vite_ssr_import_2__.db.prepare(...).run is not a function
    at Function.processPlugin (/home/michael/Proj/campops-marketplace/src/lib/PluginDiscoveryService.ts:86:10)
    at Function.syncPlugins (/home/michael/Proj/campops-marketplace/src/lib/PluginDiscoveryService.ts:26:26)
    at Module.GET (/home/michael/Proj/campops-marketplace/src/app/api/master/plugins/route.ts:14:5)
    at /home/michael/Proj/campops-marketplace/src/app/api/master/plugins/__tests__/route.test.ts:65:17
    at file:///home/michael/Proj/node_modules/@vitest/runner/dist/chunk-artifact.js:1903:20

stderr | src/app/api/master/plugins/__tests__/route.test.ts > GET /api/master/plugins > should handle database errors gracefully
[PluginDiscovery] Error processing maintenance: TypeError: __vite_ssr_import_2__.db.prepare(...).run is not a function
    at Function.processPlugin (/home/michael/Proj/campops-marketplace/src/lib/PluginDiscoveryService.ts:86:10)
    at Function.syncPlugins (/home/michael/Proj/campops-marketplace/src/lib/PluginDiscoveryService.ts:26:26)
    at Module.GET (/home/michael/Proj/campops-marketplace/src/app/api/master/plugins/route.ts:14:5)
    at /home/michael/Proj/campops-marketplace/src/app/api/master/plugins/__tests__/route.test.ts:65:17
    at file:///home/michael/Proj/node_modules/@vitest/runner/dist/chunk-artifact.js:1903:20

stderr | src/app/api/master/plugins/__tests__/route.test.ts > GET /api/master/plugins > should handle database errors gracefully
[PluginDiscovery] Error processing marketing-automation: TypeError: __vite_ssr_import_2__.db.prepare(...).run is not a function
    at Function.processPlugin (/home/michael/Proj/campops-marketplace/src/lib/PluginDiscoveryService.ts:86:10)
    at Function.syncPlugins (/home/michael/Proj/campops-marketplace/src/lib/PluginDiscoveryService.ts:26:26)
    at Module.GET (/home/michael/Proj/campops-marketplace/src/app/api/master/plugins/route.ts:14:5)
    at /home/michael/Proj/campops-marketplace/src/app/api/master/plugins/__tests__/route.test.ts:65:17
    at file:///home/michael/Proj/node_modules/@vitest/runner/dist/chunk-artifact.js:1903:20

stderr | src/app/api/master/plugins/__tests__/route.test.ts > GET /api/master/plugins > should handle database errors gracefully
[PluginDiscovery] Error processing ota-channel-manager: TypeError: __vite_ssr_import_2__.db.prepare(...).run is not a function
    at Function.processPlugin (/home/michael/Proj/campops-marketplace/src/lib/PluginDiscoveryService.ts:86:10)
    at Function.syncPlugins (/home/michael/Proj/campops-marketplace/src/lib/PluginDiscoveryService.ts:26:26)
    at Module.GET (/home/michael/Proj/campops-marketplace/src/app/api/master/plugins/route.ts:14:5)
    at /home/michael/Proj/campops-marketplace/src/app/api/master/plugins/__tests__/route.test.ts:65:17
    at file:///home/michael/Proj/node_modules/@vitest/runner/dist/chunk-artifact.js:1903:20

stderr | src/app/api/master/plugins/__tests__/route.test.ts > GET /api/master/plugins > should handle database errors gracefully
[PluginDiscovery] Error processing pos-kds: TypeError: __vite_ssr_import_2__.db.prepare(...).run is not a function
    at Function.processPlugin (/home/michael/Proj/campops-marketplace/src/lib/PluginDiscoveryService.ts:86:10)
    at Function.syncPlugins (/home/michael/Proj/campops-marketplace/src/lib/PluginDiscoveryService.ts:26:26)
    at Module.GET (/home/michael/Proj/campops-marketplace/src/app/api/master/plugins/route.ts:14:5)
    at /home/michael/Proj/campops-marketplace/src/app/api/master/plugins/__tests__/route.test.ts:65:17
    at file:///home/michael/Proj/node_modules/@vitest/runner/dist/chunk-artifact.js:1903:20

stderr | src/app/api/master/plugins/__tests__/route.test.ts > GET /api/master/plugins > should handle database errors gracefully
[PluginDiscovery] Error processing pwa: TypeError: __vite_ssr_import_2__.db.prepare(...).run is not a function
    at Function.processPlugin (/home/michael/Proj/campops-marketplace/src/lib/PluginDiscoveryService.ts:86:10)
    at Function.syncPlugins (/home/michael/Proj/campops-marketplace/src/lib/PluginDiscoveryService.ts:26:26)
    at Module.GET (/home/michael/Proj/campops-marketplace/src/app/api/master/plugins/route.ts:14:5)
    at /home/michael/Proj/campops-marketplace/src/app/api/master/plugins/__tests__/route.test.ts:65:17
    at file:///home/michael/Proj/node_modules/@vitest/runner/dist/chunk-artifact.js:1903:20

stderr | src/app/api/master/plugins/__tests__/route.test.ts > GET /api/master/plugins > should handle database errors gracefully
[PluginDiscovery] Error processing siteminder: TypeError: __vite_ssr_import_2__.db.prepare(...).run is not a function
    at Function.processPlugin (/home/michael/Proj/campops-marketplace/src/lib/PluginDiscoveryService.ts:86:10)
    at Function.syncPlugins (/home/michael/Proj/campops-marketplace/src/lib/PluginDiscoveryService.ts:26:26)
    at Module.GET (/home/michael/Proj/campops-marketplace/src/app/api/master/plugins/route.ts:14:5)
    at /home/michael/Proj/campops-marketplace/src/app/api/master/plugins/__tests__/route.test.ts:65:17
    at file:///home/michael/Proj/node_modules/@vitest/runner/dist/chunk-artifact.js:1903:20

stderr | src/app/api/master/plugins/__tests__/route.test.ts > GET /api/master/plugins > should handle database errors gracefully
[PluginDiscovery] Error processing staff-roster: TypeError: __vite_ssr_import_2__.db.prepare(...).run is not a function
    at Function.processPlugin (/home/michael/Proj/campops-marketplace/src/lib/PluginDiscoveryService.ts:86:10)
    at Function.syncPlugins (/home/michael/Proj/campops-marketplace/src/lib/PluginDiscoveryService.ts:26:26)
    at Module.GET (/home/michael/Proj/campops-marketplace/src/app/api/master/plugins/route.ts:14:5)
    at /home/michael/Proj/campops-marketplace/src/app/api/master/plugins/__tests__/route.test.ts:65:17
    at file:///home/michael/Proj/node_modules/@vitest/runner/dist/chunk-artifact.js:1903:20

stderr | src/app/api/master/plugins/__tests__/route.test.ts > GET /api/master/plugins > should handle database errors gracefully
[PluginDiscovery] Error processing subscriptions: TypeError: __vite_ssr_import_2__.db.prepare(...).run is not a function
    at Function.processPlugin (/home/michael/Proj/campops-marketplace/src/lib/PluginDiscoveryService.ts:86:10)
    at Function.syncPlugins (/home/michael/Proj/campops-marketplace/src/lib/PluginDiscoveryService.ts:26:26)
    at Module.GET (/home/michael/Proj/campops-marketplace/src/app/api/master/plugins/route.ts:14:5)
    at /home/michael/Proj/campops-marketplace/src/app/api/master/plugins/__tests__/route.test.ts:65:17
    at file:///home/michael/Proj/node_modules/@vitest/runner/dist/chunk-artifact.js:1903:20

stderr | src/app/api/master/plugins/__tests__/route.test.ts > GET /api/master/plugins > should handle database errors gracefully
[PluginDiscovery] Error processing test-dock: TypeError: __vite_ssr_import_2__.db.prepare(...).run is not a function
    at Function.processPlugin (/home/michael/Proj/campops-marketplace/src/lib/PluginDiscoveryService.ts:86:10)
    at Function.syncPlugins (/home/michael/Proj/campops-marketplace/src/lib/PluginDiscoveryService.ts:26:26)
    at Module.GET (/home/michael/Proj/campops-marketplace/src/app/api/master/plugins/route.ts:14:5)
    at /home/michael/Proj/campops-marketplace/src/app/api/master/plugins/__tests__/route.test.ts:65:17
    at file:///home/michael/Proj/node_modules/@vitest/runner/dist/chunk-artifact.js:1903:20

stdout | src/app/api/master/plugins/__tests__/route.test.ts > GET /api/master/plugins > should handle database errors gracefully
[PluginDiscovery] Synchronisation complete.

stderr | src/app/api/master/plugins/__tests__/route.test.ts > GET /api/master/plugins > should handle database errors gracefully
[Master Plugins API] Error: Error: Database error
    at /home/michael/Proj/campops-marketplace/src/app/api/master/plugins/__tests__/route.test.ts:60:38
    at file:///home/michael/Proj/node_modules/@vitest/runner/dist/chunk-artifact.js:302:11
    at file:///home/michael/Proj/node_modules/@vitest/runner/dist/chunk-artifact.js:1903:26
    at file:///home/michael/Proj/node_modules/@vitest/runner/dist/chunk-artifact.js:2326:20
    at new Promise (<anonymous>)
    at runWithCancel (file:///home/michael/Proj/node_modules/@vitest/runner/dist/chunk-artifact.js:2323:10)
    at file:///home/michael/Proj/node_modules/@vitest/runner/dist/chunk-artifact.js:2305:20
    at new Promise (<anonymous>)
    at runWithTimeout (file:///home/michael/Proj/node_modules/@vitest/runner/dist/chunk-artifact.js:2272:10)
    at file:///home/michael/Proj/node_modules/@vitest/runner/dist/chunk-artifact.js:2955:64

stdout | src/app/api/master/plugins/__tests__/route.test.ts > GET /api/master/plugins > should return empty array when no plugins exist
[PluginDiscovery] Starting synchronisation...

stderr | src/app/api/master/plugins/__tests__/route.test.ts > GET /api/master/plugins > should return empty array when no plugins exist
[PluginDiscovery] Error processing accounting: TypeError: __vite_ssr_import_2__.db.prepare(...).run is not a function
    at Function.processPlugin (/home/michael/Proj/campops-marketplace/src/lib/PluginDiscoveryService.ts:86:10)
    at Function.syncPlugins (/home/michael/Proj/campops-marketplace/src/lib/PluginDiscoveryService.ts:26:26)
    at Module.GET (/home/michael/Proj/campops-marketplace/src/app/api/master/plugins/route.ts:14:5)
    at /home/michael/Proj/campops-marketplace/src/app/api/master/plugins/__tests__/route.test.ts:78:17
    at file:///home/michael/Proj/node_modules/@vitest/runner/dist/chunk-artifact.js:1903:20

stderr | src/app/api/master/plugins/__tests__/route.test.ts > GET /api/master/plugins > should return empty array when no plugins exist
[PluginDiscovery] Error processing activities: TypeError: __vite_ssr_import_2__.db.prepare(...).run is not a function
    at Function.processPlugin (/home/michael/Proj/campops-marketplace/src/lib/PluginDiscoveryService.ts:86:10)
    at Function.syncPlugins (/home/michael/Proj/campops-marketplace/src/lib/PluginDiscoveryService.ts:26:26)
    at Module.GET (/home/michael/Proj/campops-marketplace/src/app/api/master/plugins/route.ts:14:5)
    at /home/michael/Proj/campops-marketplace/src/app/api/master/plugins/__tests__/route.test.ts:78:17
    at file:///home/michael/Proj/node_modules/@vitest/runner/dist/chunk-artifact.js:1903:20

stderr | src/app/api/master/plugins/__tests__/route.test.ts > GET /api/master/plugins > should return empty array when no plugins exist
[PluginDiscovery] Error processing booking: TypeError: __vite_ssr_import_2__.db.prepare(...).run is not a function
    at Function.processPlugin (/home/michael/Proj/campops-marketplace/src/lib/PluginDiscoveryService.ts:86:10)
    at Function.syncPlugins (/home/michael/Proj/campops-marketplace/src/lib/PluginDiscoveryService.ts:26:26)
    at Module.GET (/home/michael/Proj/campops-marketplace/src/app/api/master/plugins/route.ts:14:5)
    at /home/michael/Proj/campops-marketplace/src/app/api/master/plugins/__tests__/route.test.ts:78:17
    at file:///home/michael/Proj/node_modules/@vitest/runner/dist/chunk-artifact.js:1903:20

stderr | src/app/api/master/plugins/__tests__/route.test.ts > GET /api/master/plugins > should return empty array when no plugins exist
[PluginDiscovery] Error processing crm: TypeError: __vite_ssr_import_2__.db.prepare(...).run is not a function
    at Function.processPlugin (/home/michael/Proj/campops-marketplace/src/lib/PluginDiscoveryService.ts:86:10)
    at Function.syncPlugins (/home/michael/Proj/campops-marketplace/src/lib/PluginDiscoveryService.ts:26:26)
    at Module.GET (/home/michael/Proj/campops-marketplace/src/app/api/master/plugins/route.ts:14:5)
    at /home/michael/Proj/campops-marketplace/src/app/api/master/plugins/__tests__/route.test.ts:78:17
    at file:///home/michael/Proj/node_modules/@vitest/runner/dist/chunk-artifact.js:1903:20

stderr | src/app/api/master/plugins/__tests__/route.test.ts > GET /api/master/plugins > should return empty array when no plugins exist
[PluginDiscovery] Error processing financial-ops: TypeError: __vite_ssr_import_2__.db.prepare(...).run is not a function
    at Function.processPlugin (/home/michael/Proj/campops-marketplace/src/lib/PluginDiscoveryService.ts:86:10)
    at Function.syncPlugins (/home/michael/Proj/campops-marketplace/src/lib/PluginDiscoveryService.ts:26:26)
    at Module.GET (/home/michael/Proj/campops-marketplace/src/app/api/master/plugins/route.ts:14:5)
    at /home/michael/Proj/campops-marketplace/src/app/api/master/plugins/__tests__/route.test.ts:78:17
    at file:///home/michael/Proj/node_modules/@vitest/runner/dist/chunk-artifact.js:1903:20

stderr | src/app/api/master/plugins/__tests__/route.test.ts > GET /api/master/plugins > should return empty array when no plugins exist
[PluginDiscovery] Error processing guest-crm: TypeError: __vite_ssr_import_2__.db.prepare(...).run is not a function
    at Function.processPlugin (/home/michael/Proj/campops-marketplace/src/lib/PluginDiscoveryService.ts:86:10)
    at Function.syncPlugins (/home/michael/Proj/campops-marketplace/src/lib/PluginDiscoveryService.ts:26:26)
    at Module.GET (/home/michael/Proj/campops-marketplace/src/app/api/master/plugins/route.ts:14:5)
    at /home/michael/Proj/campops-marketplace/src/app/api/master/plugins/__tests__/route.test.ts:78:17
    at file:///home/michael/Proj/node_modules/@vitest/runner/dist/chunk-artifact.js:1903:20

stderr | src/app/api/master/plugins/__tests__/route.test.ts > GET /api/master/plugins > should return empty array when no plugins exist
[PluginDiscovery] Error processing housekeeping: TypeError: __vite_ssr_import_2__.db.prepare(...).run is not a function
    at Function.processPlugin (/home/michael/Proj/campops-marketplace/src/lib/PluginDiscoveryService.ts:86:10)
    at Function.syncPlugins (/home/michael/Proj/campops-marketplace/src/lib/PluginDiscoveryService.ts:26:26)
    at Module.GET (/home/michael/Proj/campops-marketplace/src/app/api/master/plugins/route.ts:14:5)
    at /home/michael/Proj/campops-marketplace/src/app/api/master/plugins/__tests__/route.test.ts:78:17
    at file:///home/michael/Proj/node_modules/@vitest/runner/dist/chunk-artifact.js:1903:20

stderr | src/app/api/master/plugins/__tests__/route.test.ts > GET /api/master/plugins > should return empty array when no plugins exist
[PluginDiscovery] Error processing hr-core: TypeError: __vite_ssr_import_2__.db.prepare(...).run is not a function
    at Function.processPlugin (/home/michael/Proj/campops-marketplace/src/lib/PluginDiscoveryService.ts:86:10)
    at Function.syncPlugins (/home/michael/Proj/campops-marketplace/src/lib/PluginDiscoveryService.ts:26:26)
    at Module.GET (/home/michael/Proj/campops-marketplace/src/app/api/master/plugins/route.ts:14:5)
    at /home/michael/Proj/campops-marketplace/src/app/api/master/plugins/__tests__/route.test.ts:78:17
    at file:///home/michael/Proj/node_modules/@vitest/runner/dist/chunk-artifact.js:1903:20

stderr | src/app/api/master/plugins/__tests__/route.test.ts > GET /api/master/plugins > should return empty array when no plugins exist
[PluginDiscovery] Error processing ical: TypeError: __vite_ssr_import_2__.db.prepare(...).run is not a function
    at Function.processPlugin (/home/michael/Proj/campops-marketplace/src/lib/PluginDiscoveryService.ts:86:10)
    at Function.syncPlugins (/home/michael/Proj/campops-marketplace/src/lib/PluginDiscoveryService.ts:26:26)
    at Module.GET (/home/michael/Proj/campops-marketplace/src/app/api/master/plugins/route.ts:14:5)
    at /home/michael/Proj/campops-marketplace/src/app/api/master/plugins/__tests__/route.test.ts:78:17
    at file:///home/michael/Proj/node_modules/@vitest/runner/dist/chunk-artifact.js:1903:20

stderr | src/app/api/master/plugins/__tests__/route.test.ts > GET /api/master/plugins > should return empty array when no plugins exist
[PluginDiscovery] Error processing ical-import: TypeError: __vite_ssr_import_2__.db.prepare(...).run is not a function
    at Function.processPlugin (/home/michael/Proj/campops-marketplace/src/lib/PluginDiscoveryService.ts:86:10)
    at Function.syncPlugins (/home/michael/Proj/campops-marketplace/src/lib/PluginDiscoveryService.ts:26:26)
    at Module.GET (/home/michael/Proj/campops-marketplace/src/app/api/master/plugins/route.ts:14:5)
    at /home/michael/Proj/campops-marketplace/src/app/api/master/plugins/__tests__/route.test.ts:78:17
    at file:///home/michael/Proj/node_modules/@vitest/runner/dist/chunk-artifact.js:1903:20

stderr | src/app/api/master/plugins/__tests__/route.test.ts > GET /api/master/plugins > should return empty array when no plugins exist
[PluginDiscovery] Error processing inventory-waste: TypeError: __vite_ssr_import_2__.db.prepare(...).run is not a function
    at Function.processPlugin (/home/michael/Proj/campops-marketplace/src/lib/PluginDiscoveryService.ts:86:10)
    at Function.syncPlugins (/home/michael/Proj/campops-marketplace/src/lib/PluginDiscoveryService.ts:26:26)
    at Module.GET (/home/michael/Proj/campops-marketplace/src/app/api/master/plugins/route.ts:14:5)
    at /home/michael/Proj/campops-marketplace/src/app/api/master/plugins/__tests__/route.test.ts:78:17
    at file:///home/michael/Proj/node_modules/@vitest/runner/dist/chunk-artifact.js:1903:20

stderr | src/app/api/master/plugins/__tests__/route.test.ts > GET /api/master/plugins > should return empty array when no plugins exist
[PluginDiscovery] Error processing listing-admin: TypeError: __vite_ssr_import_2__.db.prepare(...).run is not a function
    at Function.processPlugin (/home/michael/Proj/campops-marketplace/src/lib/PluginDiscoveryService.ts:86:10)
    at Function.syncPlugins (/home/michael/Proj/campops-marketplace/src/lib/PluginDiscoveryService.ts:26:26)
    at Module.GET (/home/michael/Proj/campops-marketplace/src/app/api/master/plugins/route.ts:14:5)
    at /home/michael/Proj/campops-marketplace/src/app/api/master/plugins/__tests__/route.test.ts:78:17
    at file:///home/michael/Proj/node_modules/@vitest/runner/dist/chunk-artifact.js:1903:20

stderr | src/app/api/master/plugins/__tests__/route.test.ts > GET /api/master/plugins > should return empty array when no plugins exist
[PluginDiscovery] Error processing loyalty: TypeError: __vite_ssr_import_2__.db.prepare(...).run is not a function
    at Function.processPlugin (/home/michael/Proj/campops-marketplace/src/lib/PluginDiscoveryService.ts:86:10)
    at Function.syncPlugins (/home/michael/Proj/campops-marketplace/src/lib/PluginDiscoveryService.ts:26:26)
    at Module.GET (/home/michael/Proj/campops-marketplace/src/app/api/master/plugins/route.ts:14:5)
    at /home/michael/Proj/campops-marketplace/src/app/api/master/plugins/__tests__/route.test.ts:78:17
    at file:///home/michael/Proj/node_modules/@vitest/runner/dist/chunk-artifact.js:1903:20

stderr | src/app/api/master/plugins/__tests__/route.test.ts > GET /api/master/plugins > should return empty array when no plugins exist
[PluginDiscovery] Error processing maintenance: TypeError: __vite_ssr_import_2__.db.prepare(...).run is not a function
    at Function.processPlugin (/home/michael/Proj/campops-marketplace/src/lib/PluginDiscoveryService.ts:86:10)
    at Function.syncPlugins (/home/michael/Proj/campops-marketplace/src/lib/PluginDiscoveryService.ts:26:26)
    at Module.GET (/home/michael/Proj/campops-marketplace/src/app/api/master/plugins/route.ts:14:5)
    at /home/michael/Proj/campops-marketplace/src/app/api/master/plugins/__tests__/route.test.ts:78:17
    at file:///home/michael/Proj/node_modules/@vitest/runner/dist/chunk-artifact.js:1903:20

stderr | src/app/api/master/plugins/__tests__/route.test.ts > GET /api/master/plugins > should return empty array when no plugins exist
[PluginDiscovery] Error processing marketing-automation: TypeError: __vite_ssr_import_2__.db.prepare(...).run is not a function
    at Function.processPlugin (/home/michael/Proj/campops-marketplace/src/lib/PluginDiscoveryService.ts:86:10)
    at Function.syncPlugins (/home/michael/Proj/campops-marketplace/src/lib/PluginDiscoveryService.ts:26:26)
    at Module.GET (/home/michael/Proj/campops-marketplace/src/app/api/master/plugins/route.ts:14:5)
    at /home/michael/Proj/campops-marketplace/src/app/api/master/plugins/__tests__/route.test.ts:78:17
    at file:///home/michael/Proj/node_modules/@vitest/runner/dist/chunk-artifact.js:1903:20

stderr | src/app/api/master/plugins/__tests__/route.test.ts > GET /api/master/plugins > should return empty array when no plugins exist
[PluginDiscovery] Error processing ota-channel-manager: TypeError: __vite_ssr_import_2__.db.prepare(...).run is not a function
    at Function.processPlugin (/home/michael/Proj/campops-marketplace/src/lib/PluginDiscoveryService.ts:86:10)
    at Function.syncPlugins (/home/michael/Proj/campops-marketplace/src/lib/PluginDiscoveryService.ts:26:26)
    at Module.GET (/home/michael/Proj/campops-marketplace/src/app/api/master/plugins/route.ts:14:5)
    at /home/michael/Proj/campops-marketplace/src/app/api/master/plugins/__tests__/route.test.ts:78:17
    at file:///home/michael/Proj/node_modules/@vitest/runner/dist/chunk-artifact.js:1903:20

stderr | src/app/api/master/plugins/__tests__/route.test.ts > GET /api/master/plugins > should return empty array when no plugins exist
[PluginDiscovery] Error processing pos-kds: TypeError: __vite_ssr_import_2__.db.prepare(...).run is not a function
    at Function.processPlugin (/home/michael/Proj/campops-marketplace/src/lib/PluginDiscoveryService.ts:86:10)
    at Function.syncPlugins (/home/michael/Proj/campops-marketplace/src/lib/PluginDiscoveryService.ts:26:26)
    at Module.GET (/home/michael/Proj/campops-marketplace/src/app/api/master/plugins/route.ts:14:5)
    at /home/michael/Proj/campops-marketplace/src/app/api/master/plugins/__tests__/route.test.ts:78:17
    at file:///home/michael/Proj/node_modules/@vitest/runner/dist/chunk-artifact.js:1903:20

stderr | src/app/api/master/plugins/__tests__/route.test.ts > GET /api/master/plugins > should return empty array when no plugins exist
[PluginDiscovery] Error processing pwa: TypeError: __vite_ssr_import_2__.db.prepare(...).run is not a function
    at Function.processPlugin (/home/michael/Proj/campops-marketplace/src/lib/PluginDiscoveryService.ts:86:10)
    at Function.syncPlugins (/home/michael/Proj/campops-marketplace/src/lib/PluginDiscoveryService.ts:26:26)
    at Module.GET (/home/michael/Proj/campops-marketplace/src/app/api/master/plugins/route.ts:14:5)
    at /home/michael/Proj/campops-marketplace/src/app/api/master/plugins/__tests__/route.test.ts:78:17
    at file:///home/michael/Proj/node_modules/@vitest/runner/dist/chunk-artifact.js:1903:20

stderr | src/app/api/master/plugins/__tests__/route.test.ts > GET /api/master/plugins > should return empty array when no plugins exist
[PluginDiscovery] Error processing siteminder: TypeError: __vite_ssr_import_2__.db.prepare(...).run is not a function
    at Function.processPlugin (/home/michael/Proj/campops-marketplace/src/lib/PluginDiscoveryService.ts:86:10)
    at Function.syncPlugins (/home/michael/Proj/campops-marketplace/src/lib/PluginDiscoveryService.ts:26:26)
    at Module.GET (/home/michael/Proj/campops-marketplace/src/app/api/master/plugins/route.ts:14:5)
    at /home/michael/Proj/campops-marketplace/src/app/api/master/plugins/__tests__/route.test.ts:78:17
    at file:///home/michael/Proj/node_modules/@vitest/runner/dist/chunk-artifact.js:1903:20

stderr | src/app/api/master/plugins/__tests__/route.test.ts > GET /api/master/plugins > should return empty array when no plugins exist
[PluginDiscovery] Error processing staff-roster: TypeError: __vite_ssr_import_2__.db.prepare(...).run is not a function
    at Function.processPlugin (/home/michael/Proj/campops-marketplace/src/lib/PluginDiscoveryService.ts:86:10)
    at Function.syncPlugins (/home/michael/Proj/campops-marketplace/src/lib/PluginDiscoveryService.ts:26:26)
    at Module.GET (/home/michael/Proj/campops-marketplace/src/app/api/master/plugins/route.ts:14:5)
    at /home/michael/Proj/campops-marketplace/src/app/api/master/plugins/__tests__/route.test.ts:78:17
    at file:///home/michael/Proj/node_modules/@vitest/runner/dist/chunk-artifact.js:1903:20

stderr | src/app/api/master/plugins/__tests__/route.test.ts > GET /api/master/plugins > should return empty array when no plugins exist
[PluginDiscovery] Error processing subscriptions: TypeError: __vite_ssr_import_2__.db.prepare(...).run is not a function
    at Function.processPlugin (/home/michael/Proj/campops-marketplace/src/lib/PluginDiscoveryService.ts:86:10)
    at Function.syncPlugins (/home/michael/Proj/campops-marketplace/src/lib/PluginDiscoveryService.ts:26:26)
    at Module.GET (/home/michael/Proj/campops-marketplace/src/app/api/master/plugins/route.ts:14:5)
    at /home/michael/Proj/campops-marketplace/src/app/api/master/plugins/__tests__/route.test.ts:78:17
    at file:///home/michael/Proj/node_modules/@vitest/runner/dist/chunk-artifact.js:1903:20

stderr | src/app/api/master/plugins/__tests__/route.test.ts > GET /api/master/plugins > should return empty array when no plugins exist
[PluginDiscovery] Error processing test-dock: TypeError: __vite_ssr_import_2__.db.prepare(...).run is not a function
    at Function.processPlugin (/home/michael/Proj/campops-marketplace/src/lib/PluginDiscoveryService.ts:86:10)
    at Function.syncPlugins (/home/michael/Proj/campops-marketplace/src/lib/PluginDiscoveryService.ts:26:26)
    at Module.GET (/home/michael/Proj/campops-marketplace/src/app/api/master/plugins/route.ts:14:5)
    at /home/michael/Proj/campops-marketplace/src/app/api/master/plugins/__tests__/route.test.ts:78:17
    at file:///home/michael/Proj/node_modules/@vitest/runner/dist/chunk-artifact.js:1903:20

stdout | src/app/api/master/plugins/__tests__/route.test.ts > GET /api/master/plugins > should return empty array when no plugins exist
[PluginDiscovery] Synchronisation complete.

stderr | src/app/api/master/plugins/__tests__/route.test.ts > GET /api/master/plugins > should return empty array when no plugins exist
[Master Plugins API] Error: Error: Database error
    at /home/michael/Proj/campops-marketplace/src/app/api/master/plugins/__tests__/route.test.ts:60:38
    at file:///home/michael/Proj/node_modules/@vitest/runner/dist/chunk-artifact.js:302:11
    at file:///home/michael/Proj/node_modules/@vitest/runner/dist/chunk-artifact.js:1903:26
    at file:///home/michael/Proj/node_modules/@vitest/runner/dist/chunk-artifact.js:2326:20
    at new Promise (<anonymous>)
    at runWithCancel (file:///home/michael/Proj/node_modules/@vitest/runner/dist/chunk-artifact.js:2323:10)
    at file:///home/michael/Proj/node_modules/@vitest/runner/dist/chunk-artifact.js:2305:20
    at new Promise (<anonymous>)
    at runWithTimeout (file:///home/michael/Proj/node_modules/@vitest/runner/dist/chunk-artifact.js:2272:10)
    at file:///home/michael/Proj/node_modules/@vitest/runner/dist/chunk-artifact.js:2955:64

stdout | src/app/api/master/plugins/__tests__/route.test.ts > GET /api/master/plugins > should handle null count result
[PluginDiscovery] Starting synchronisation...

stderr | src/app/api/master/plugins/__tests__/route.test.ts > GET /api/master/plugins > should handle null count result
[PluginDiscovery] Error processing accounting: TypeError: __vite_ssr_import_2__.db.prepare(...).run is not a function
    at Function.processPlugin (/home/michael/Proj/campops-marketplace/src/lib/PluginDiscoveryService.ts:86:10)
    at Function.syncPlugins (/home/michael/Proj/campops-marketplace/src/lib/PluginDiscoveryService.ts:26:26)
    at Module.GET (/home/michael/Proj/campops-marketplace/src/app/api/master/plugins/route.ts:14:5)
    at /home/michael/Proj/campops-marketplace/src/app/api/master/plugins/__tests__/route.test.ts:92:17
    at file:///home/michael/Proj/node_modules/@vitest/runner/dist/chunk-artifact.js:1903:20

stderr | src/app/api/master/plugins/__tests__/route.test.ts > GET /api/master/plugins > should handle null count result
[PluginDiscovery] Error processing activities: TypeError: __vite_ssr_import_2__.db.prepare(...).run is not a function
    at Function.processPlugin (/home/michael/Proj/campops-marketplace/src/lib/PluginDiscoveryService.ts:86:10)
    at Function.syncPlugins (/home/michael/Proj/campops-marketplace/src/lib/PluginDiscoveryService.ts:26:26)
    at Module.GET (/home/michael/Proj/campops-marketplace/src/app/api/master/plugins/route.ts:14:5)
    at /home/michael/Proj/campops-marketplace/src/app/api/master/plugins/__tests__/route.test.ts:92:17
    at file:///home/michael/Proj/node_modules/@vitest/runner/dist/chunk-artifact.js:1903:20

stderr | src/app/api/master/plugins/__tests__/route.test.ts > GET /api/master/plugins > should handle null count result
[PluginDiscovery] Error processing booking: TypeError: __vite_ssr_import_2__.db.prepare(...).run is not a function
    at Function.processPlugin (/home/michael/Proj/campops-marketplace/src/lib/PluginDiscoveryService.ts:86:10)
    at Function.syncPlugins (/home/michael/Proj/campops-marketplace/src/lib/PluginDiscoveryService.ts:26:26)
    at Module.GET (/home/michael/Proj/campops-marketplace/src/app/api/master/plugins/route.ts:14:5)
    at /home/michael/Proj/campops-marketplace/src/app/api/master/plugins/__tests__/route.test.ts:92:17
    at file:///home/michael/Proj/node_modules/@vitest/runner/dist/chunk-artifact.js:1903:20

stderr | src/app/api/master/plugins/__tests__/route.test.ts > GET /api/master/plugins > should handle null count result
[PluginDiscovery] Error processing crm: TypeError: __vite_ssr_import_2__.db.prepare(...).run is not a function
    at Function.processPlugin (/home/michael/Proj/campops-marketplace/src/lib/PluginDiscoveryService.ts:86:10)
    at Function.syncPlugins (/home/michael/Proj/campops-marketplace/src/lib/PluginDiscoveryService.ts:26:26)
    at Module.GET (/home/michael/Proj/campops-marketplace/src/app/api/master/plugins/route.ts:14:5)
    at /home/michael/Proj/campops-marketplace/src/app/api/master/plugins/__tests__/route.test.ts:92:17
    at file:///home/michael/Proj/node_modules/@vitest/runner/dist/chunk-artifact.js:1903:20

stderr | src/app/api/master/plugins/__tests__/route.test.ts > GET /api/master/plugins > should handle null count result
[PluginDiscovery] Error processing financial-ops: TypeError: __vite_ssr_import_2__.db.prepare(...).run is not a function
    at Function.processPlugin (/home/michael/Proj/campops-marketplace/src/lib/PluginDiscoveryService.ts:86:10)
    at Function.syncPlugins (/home/michael/Proj/campops-marketplace/src/lib/PluginDiscoveryService.ts:26:26)
    at Module.GET (/home/michael/Proj/campops-marketplace/src/app/api/master/plugins/route.ts:14:5)
    at /home/michael/Proj/campops-marketplace/src/app/api/master/plugins/__tests__/route.test.ts:92:17
    at file:///home/michael/Proj/node_modules/@vitest/runner/dist/chunk-artifact.js:1903:20

stderr | src/app/api/master/plugins/__tests__/route.test.ts > GET /api/master/plugins > should handle null count result
[PluginDiscovery] Error processing guest-crm: TypeError: __vite_ssr_import_2__.db.prepare(...).run is not a function
    at Function.processPlugin (/home/michael/Proj/campops-marketplace/src/lib/PluginDiscoveryService.ts:86:10)
    at Function.syncPlugins (/home/michael/Proj/campops-marketplace/src/lib/PluginDiscoveryService.ts:26:26)
    at Module.GET (/home/michael/Proj/campops-marketplace/src/app/api/master/plugins/route.ts:14:5)
    at /home/michael/Proj/campops-marketplace/src/app/api/master/plugins/__tests__/route.test.ts:92:17
    at file:///home/michael/Proj/node_modules/@vitest/runner/dist/chunk-artifact.js:1903:20

stderr | src/app/api/master/plugins/__tests__/route.test.ts > GET /api/master/plugins > should handle null count result
[PluginDiscovery] Error processing housekeeping: TypeError: __vite_ssr_import_2__.db.prepare(...).run is not a function
    at Function.processPlugin (/home/michael/Proj/campops-marketplace/src/lib/PluginDiscoveryService.ts:86:10)
    at Function.syncPlugins (/home/michael/Proj/campops-marketplace/src/lib/PluginDiscoveryService.ts:26:26)
    at Module.GET (/home/michael/Proj/campops-marketplace/src/app/api/master/plugins/route.ts:14:5)
    at /home/michael/Proj/campops-marketplace/src/app/api/master/plugins/__tests__/route.test.ts:92:17
    at file:///home/michael/Proj/node_modules/@vitest/runner/dist/chunk-artifact.js:1903:20

stderr | src/app/api/master/plugins/__tests__/route.test.ts > GET /api/master/plugins > should handle null count result
[PluginDiscovery] Error processing hr-core: TypeError: __vite_ssr_import_2__.db.prepare(...).run is not a function
    at Function.processPlugin (/home/michael/Proj/campops-marketplace/src/lib/PluginDiscoveryService.ts:86:10)
    at Function.syncPlugins (/home/michael/Proj/campops-marketplace/src/lib/PluginDiscoveryService.ts:26:26)
    at Module.GET (/home/michael/Proj/campops-marketplace/src/app/api/master/plugins/route.ts:14:5)
    at /home/michael/Proj/campops-marketplace/src/app/api/master/plugins/__tests__/route.test.ts:92:17
    at file:///home/michael/Proj/node_modules/@vitest/runner/dist/chunk-artifact.js:1903:20

stderr | src/app/api/master/plugins/__tests__/route.test.ts > GET /api/master/plugins > should handle null count result
[PluginDiscovery] Error processing ical: TypeError: __vite_ssr_import_2__.db.prepare(...).run is not a function
    at Function.processPlugin (/home/michael/Proj/campops-marketplace/src/lib/PluginDiscoveryService.ts:86:10)
    at Function.syncPlugins (/home/michael/Proj/campops-marketplace/src/lib/PluginDiscoveryService.ts:26:26)
    at Module.GET (/home/michael/Proj/campops-marketplace/src/app/api/master/plugins/route.ts:14:5)
    at /home/michael/Proj/campops-marketplace/src/app/api/master/plugins/__tests__/route.test.ts:92:17
    at file:///home/michael/Proj/node_modules/@vitest/runner/dist/chunk-artifact.js:1903:20

stderr | src/app/api/master/plugins/__tests__/route.test.ts > GET /api/master/plugins > should handle null count result
[PluginDiscovery] Error processing ical-import: TypeError: __vite_ssr_import_2__.db.prepare(...).run is not a function
    at Function.processPlugin (/home/michael/Proj/campops-marketplace/src/lib/PluginDiscoveryService.ts:86:10)
    at Function.syncPlugins (/home/michael/Proj/campops-marketplace/src/lib/PluginDiscoveryService.ts:26:26)
    at Module.GET (/home/michael/Proj/campops-marketplace/src/app/api/master/plugins/route.ts:14:5)
    at /home/michael/Proj/campops-marketplace/src/app/api/master/plugins/__tests__/route.test.ts:92:17
    at file:///home/michael/Proj/node_modules/@vitest/runner/dist/chunk-artifact.js:1903:20

stderr | src/app/api/master/plugins/__tests__/route.test.ts > GET /api/master/plugins > should handle null count result
[PluginDiscovery] Error processing inventory-waste: TypeError: __vite_ssr_import_2__.db.prepare(...).run is not a function
    at Function.processPlugin (/home/michael/Proj/campops-marketplace/src/lib/PluginDiscoveryService.ts:86:10)
    at Function.syncPlugins (/home/michael/Proj/campops-marketplace/src/lib/PluginDiscoveryService.ts:26:26)
    at Module.GET (/home/michael/Proj/campops-marketplace/src/app/api/master/plugins/route.ts:14:5)
    at /home/michael/Proj/campops-marketplace/src/app/api/master/plugins/__tests__/route.test.ts:92:17
    at file:///home/michael/Proj/node_modules/@vitest/runner/dist/chunk-artifact.js:1903:20

stderr | src/app/api/master/plugins/__tests__/route.test.ts > GET /api/master/plugins > should handle null count result
[PluginDiscovery] Error processing listing-admin: TypeError: __vite_ssr_import_2__.db.prepare(...).run is not a function
    at Function.processPlugin (/home/michael/Proj/campops-marketplace/src/lib/PluginDiscoveryService.ts:86:10)
    at Function.syncPlugins (/home/michael/Proj/campops-marketplace/src/lib/PluginDiscoveryService.ts:26:26)
    at Module.GET (/home/michael/Proj/campops-marketplace/src/app/api/master/plugins/route.ts:14:5)
    at /home/michael/Proj/campops-marketplace/src/app/api/master/plugins/__tests__/route.test.ts:92:17
    at file:///home/michael/Proj/node_modules/@vitest/runner/dist/chunk-artifact.js:1903:20

stderr | src/app/api/master/plugins/__tests__/route.test.ts > GET /api/master/plugins > should handle null count result
[PluginDiscovery] Error processing loyalty: TypeError: __vite_ssr_import_2__.db.prepare(...).run is not a function
    at Function.processPlugin (/home/michael/Proj/campops-marketplace/src/lib/PluginDiscoveryService.ts:86:10)
    at Function.syncPlugins (/home/michael/Proj/campops-marketplace/src/lib/PluginDiscoveryService.ts:26:26)
    at Module.GET (/home/michael/Proj/campops-marketplace/src/app/api/master/plugins/route.ts:14:5)
    at /home/michael/Proj/campops-marketplace/src/app/api/master/plugins/__tests__/route.test.ts:92:17
    at file:///home/michael/Proj/node_modules/@vitest/runner/dist/chunk-artifact.js:1903:20

stderr | src/app/api/master/plugins/__tests__/route.test.ts > GET /api/master/plugins > should handle null count result
[PluginDiscovery] Error processing maintenance: TypeError: __vite_ssr_import_2__.db.prepare(...).run is not a function
    at Function.processPlugin (/home/michael/Proj/campops-marketplace/src/lib/PluginDiscoveryService.ts:86:10)
    at Function.syncPlugins (/home/michael/Proj/campops-marketplace/src/lib/PluginDiscoveryService.ts:26:26)
    at Module.GET (/home/michael/Proj/campops-marketplace/src/app/api/master/plugins/route.ts:14:5)
    at /home/michael/Proj/campops-marketplace/src/app/api/master/plugins/__tests__/route.test.ts:92:17
    at file:///home/michael/Proj/node_modules/@vitest/runner/dist/chunk-artifact.js:1903:20

stderr | src/app/api/master/plugins/__tests__/route.test.ts > GET /api/master/plugins > should handle null count result
[PluginDiscovery] Error processing marketing-automation: TypeError: __vite_ssr_import_2__.db.prepare(...).run is not a function
    at Function.processPlugin (/home/michael/Proj/campops-marketplace/src/lib/PluginDiscoveryService.ts:86:10)
    at Function.syncPlugins (/home/michael/Proj/campops-marketplace/src/lib/PluginDiscoveryService.ts:26:26)
    at Module.GET (/home/michael/Proj/campops-marketplace/src/app/api/master/plugins/route.ts:14:5)
    at /home/michael/Proj/campops-marketplace/src/app/api/master/plugins/__tests__/route.test.ts:92:17
    at file:///home/michael/Proj/node_modules/@vitest/runner/dist/chunk-artifact.js:1903:20

stderr | src/app/api/master/plugins/__tests__/route.test.ts > GET /api/master/plugins > should handle null count result
[PluginDiscovery] Error processing ota-channel-manager: TypeError: __vite_ssr_import_2__.db.prepare(...).run is not a function
    at Function.processPlugin (/home/michael/Proj/campops-marketplace/src/lib/PluginDiscoveryService.ts:86:10)
    at Function.syncPlugins (/home/michael/Proj/campops-marketplace/src/lib/PluginDiscoveryService.ts:26:26)
    at Module.GET (/home/michael/Proj/campops-marketplace/src/app/api/master/plugins/route.ts:14:5)
    at /home/michael/Proj/campops-marketplace/src/app/api/master/plugins/__tests__/route.test.ts:92:17
    at file:///home/michael/Proj/node_modules/@vitest/runner/dist/chunk-artifact.js:1903:20

stderr | src/app/api/master/plugins/__tests__/route.test.ts > GET /api/master/plugins > should handle null count result
[PluginDiscovery] Error processing pos-kds: TypeError: __vite_ssr_import_2__.db.prepare(...).run is not a function
    at Function.processPlugin (/home/michael/Proj/campops-marketplace/src/lib/PluginDiscoveryService.ts:86:10)
    at Function.syncPlugins (/home/michael/Proj/campops-marketplace/src/lib/PluginDiscoveryService.ts:26:26)
    at Module.GET (/home/michael/Proj/campops-marketplace/src/app/api/master/plugins/route.ts:14:5)
    at /home/michael/Proj/campops-marketplace/src/app/api/master/plugins/__tests__/route.test.ts:92:17
    at file:///home/michael/Proj/node_modules/@vitest/runner/dist/chunk-artifact.js:1903:20

stderr | src/app/api/master/plugins/__tests__/route.test.ts > GET /api/master/plugins > should handle null count result
[PluginDiscovery] Error processing pwa: TypeError: __vite_ssr_import_2__.db.prepare(...).run is not a function
    at Function.processPlugin (/home/michael/Proj/campops-marketplace/src/lib/PluginDiscoveryService.ts:86:10)
    at Function.syncPlugins (/home/michael/Proj/campops-marketplace/src/lib/PluginDiscoveryService.ts:26:26)
    at Module.GET (/home/michael/Proj/campops-marketplace/src/app/api/master/plugins/route.ts:14:5)
    at /home/michael/Proj/campops-marketplace/src/app/api/master/plugins/__tests__/route.test.ts:92:17
    at file:///home/michael/Proj/node_modules/@vitest/runner/dist/chunk-artifact.js:1903:20

stderr | src/app/api/master/plugins/__tests__/route.test.ts > GET /api/master/plugins > should handle null count result
[PluginDiscovery] Error processing siteminder: TypeError: __vite_ssr_import_2__.db.prepare(...).run is not a function
    at Function.processPlugin (/home/michael/Proj/campops-marketplace/src/lib/PluginDiscoveryService.ts:86:10)
    at Function.syncPlugins (/home/michael/Proj/campops-marketplace/src/lib/PluginDiscoveryService.ts:26:26)
    at Module.GET (/home/michael/Proj/campops-marketplace/src/app/api/master/plugins/route.ts:14:5)
    at /home/michael/Proj/campops-marketplace/src/app/api/master/plugins/__tests__/route.test.ts:92:17
    at file:///home/michael/Proj/node_modules/@vitest/runner/dist/chunk-artifact.js:1903:20

stderr | src/app/api/master/plugins/__tests__/route.test.ts > GET /api/master/plugins > should handle null count result
[PluginDiscovery] Error processing staff-roster: TypeError: __vite_ssr_import_2__.db.prepare(...).run is not a function
    at Function.processPlugin (/home/michael/Proj/campops-marketplace/src/lib/PluginDiscoveryService.ts:86:10)
    at Function.syncPlugins (/home/michael/Proj/campops-marketplace/src/lib/PluginDiscoveryService.ts:26:26)
    at Module.GET (/home/michael/Proj/campops-marketplace/src/app/api/master/plugins/route.ts:14:5)
    at /home/michael/Proj/campops-marketplace/src/app/api/master/plugins/__tests__/route.test.ts:92:17
    at file:///home/michael/Proj/node_modules/@vitest/runner/dist/chunk-artifact.js:1903:20

stderr | src/app/api/master/plugins/__tests__/route.test.ts > GET /api/master/plugins > should handle null count result
[PluginDiscovery] Error processing subscriptions: TypeError: __vite_ssr_import_2__.db.prepare(...).run is not a function
    at Function.processPlugin (/home/michael/Proj/campops-marketplace/src/lib/PluginDiscoveryService.ts:86:10)
    at Function.syncPlugins (/home/michael/Proj/campops-marketplace/src/lib/PluginDiscoveryService.ts:26:26)
    at Module.GET (/home/michael/Proj/campops-marketplace/src/app/api/master/plugins/route.ts:14:5)
    at /home/michael/Proj/campops-marketplace/src/app/api/master/plugins/__tests__/route.test.ts:92:17
    at file:///home/michael/Proj/node_modules/@vitest/runner/dist/chunk-artifact.js:1903:20

stderr | src/app/api/master/plugins/__tests__/route.test.ts > GET /api/master/plugins > should handle null count result
[PluginDiscovery] Error processing test-dock: TypeError: __vite_ssr_import_2__.db.prepare(...).run is not a function
    at Function.processPlugin (/home/michael/Proj/campops-marketplace/src/lib/PluginDiscoveryService.ts:86:10)
    at Function.syncPlugins (/home/michael/Proj/campops-marketplace/src/lib/PluginDiscoveryService.ts:26:26)
    at Module.GET (/home/michael/Proj/campops-marketplace/src/app/api/master/plugins/route.ts:14:5)
    at /home/michael/Proj/campops-marketplace/src/app/api/master/plugins/__tests__/route.test.ts:92:17
    at file:///home/michael/Proj/node_modules/@vitest/runner/dist/chunk-artifact.js:1903:20

stdout | src/app/api/master/plugins/__tests__/route.test.ts > GET /api/master/plugins > should handle null count result
[PluginDiscovery] Synchronisation complete.

stderr | src/app/api/master/plugins/__tests__/route.test.ts > GET /api/master/plugins > should handle null count result
[Master Plugins API] Error: Error: Database error
    at /home/michael/Proj/campops-marketplace/src/app/api/master/plugins/__tests__/route.test.ts:60:38
    at file:///home/michael/Proj/node_modules/@vitest/runner/dist/chunk-artifact.js:302:11
    at file:///home/michael/Proj/node_modules/@vitest/runner/dist/chunk-artifact.js:1903:26
    at file:///home/michael/Proj/node_modules/@vitest/runner/dist/chunk-artifact.js:2326:20
    at new Promise (<anonymous>)
    at runWithCancel (file:///home/michael/Proj/node_modules/@vitest/runner/dist/chunk-artifact.js:2323:10)
    at file:///home/michael/Proj/node_modules/@vitest/runner/dist/chunk-artifact.js:2305:20
    at new Promise (<anonymous>)
    at runWithTimeout (file:///home/michael/Proj/node_modules/@vitest/runner/dist/chunk-artifact.js:2272:10)
    at file:///home/michael/Proj/node_modules/@vitest/runner/dist/chunk-artifact.js:2955:64

stdout | src/app/api/master/plugins/__tests__/route.test.ts > GET /api/master/plugins > should handle custom limit and skip parameters
[PluginDiscovery] Starting synchronisation...

stderr | src/app/api/master/plugins/__tests__/route.test.ts > GET /api/master/plugins > should handle custom limit and skip parameters
[PluginDiscovery] Error processing accounting: TypeError: __vite_ssr_import_2__.db.prepare(...).run is not a function
    at Function.processPlugin (/home/michael/Proj/campops-marketplace/src/lib/PluginDiscoveryService.ts:86:10)
    at Function.syncPlugins (/home/michael/Proj/campops-marketplace/src/lib/PluginDiscoveryService.ts:26:26)
    at Module.GET (/home/michael/Proj/campops-marketplace/src/app/api/master/plugins/route.ts:14:5)
    at /home/michael/Proj/campops-marketplace/src/app/api/master/plugins/__tests__/route.test.ts:105:17
    at file:///home/michael/Proj/node_modules/@vitest/runner/dist/chunk-artifact.js:1903:20

stderr | src/app/api/master/plugins/__tests__/route.test.ts > GET /api/master/plugins > should handle custom limit and skip parameters
[PluginDiscovery] Error processing activities: TypeError: __vite_ssr_import_2__.db.prepare(...).run is not a function
    at Function.processPlugin (/home/michael/Proj/campops-marketplace/src/lib/PluginDiscoveryService.ts:86:10)
    at Function.syncPlugins (/home/michael/Proj/campops-marketplace/src/lib/PluginDiscoveryService.ts:26:26)
    at Module.GET (/home/michael/Proj/campops-marketplace/src/app/api/master/plugins/route.ts:14:5)
    at /home/michael/Proj/campops-marketplace/src/app/api/master/plugins/__tests__/route.test.ts:105:17
    at file:///home/michael/Proj/node_modules/@vitest/runner/dist/chunk-artifact.js:1903:20

stderr | src/app/api/master/plugins/__tests__/route.test.ts > GET /api/master/plugins > should handle custom limit and skip parameters
[PluginDiscovery] Error processing booking: TypeError: __vite_ssr_import_2__.db.prepare(...).run is not a function
    at Function.processPlugin (/home/michael/Proj/campops-marketplace/src/lib/PluginDiscoveryService.ts:86:10)
    at Function.syncPlugins (/home/michael/Proj/campops-marketplace/src/lib/PluginDiscoveryService.ts:26:26)
    at Module.GET (/home/michael/Proj/campops-marketplace/src/app/api/master/plugins/route.ts:14:5)
    at /home/michael/Proj/campops-marketplace/src/app/api/master/plugins/__tests__/route.test.ts:105:17
    at file:///home/michael/Proj/node_modules/@vitest/runner/dist/chunk-artifact.js:1903:20

stderr | src/app/api/master/plugins/__tests__/route.test.ts > GET /api/master/plugins > should handle custom limit and skip parameters
[PluginDiscovery] Error processing crm: TypeError: __vite_ssr_import_2__.db.prepare(...).run is not a function
    at Function.processPlugin (/home/michael/Proj/campops-marketplace/src/lib/PluginDiscoveryService.ts:86:10)
    at Function.syncPlugins (/home/michael/Proj/campops-marketplace/src/lib/PluginDiscoveryService.ts:26:26)
    at Module.GET (/home/michael/Proj/campops-marketplace/src/app/api/master/plugins/route.ts:14:5)
    at /home/michael/Proj/campops-marketplace/src/app/api/master/plugins/__tests__/route.test.ts:105:17
    at file:///home/michael/Proj/node_modules/@vitest/runner/dist/chunk-artifact.js:1903:20

stderr | src/app/api/master/plugins/__tests__/route.test.ts > GET /api/master/plugins > should handle custom limit and skip parameters
[PluginDiscovery] Error processing financial-ops: TypeError: __vite_ssr_import_2__.db.prepare(...).run is not a function
    at Function.processPlugin (/home/michael/Proj/campops-marketplace/src/lib/PluginDiscoveryService.ts:86:10)
    at Function.syncPlugins (/home/michael/Proj/campops-marketplace/src/lib/PluginDiscoveryService.ts:26:26)
    at Module.GET (/home/michael/Proj/campops-marketplace/src/app/api/master/plugins/route.ts:14:5)
    at /home/michael/Proj/campops-marketplace/src/app/api/master/plugins/__tests__/route.test.ts:105:17
    at file:///home/michael/Proj/node_modules/@vitest/runner/dist/chunk-artifact.js:1903:20

stderr | src/app/api/master/plugins/__tests__/route.test.ts > GET /api/master/plugins > should handle custom limit and skip parameters
[PluginDiscovery] Error processing guest-crm: TypeError: __vite_ssr_import_2__.db.prepare(...).run is not a function
    at Function.processPlugin (/home/michael/Proj/campops-marketplace/src/lib/PluginDiscoveryService.ts:86:10)
    at Function.syncPlugins (/home/michael/Proj/campops-marketplace/src/lib/PluginDiscoveryService.ts:26:26)
    at Module.GET (/home/michael/Proj/campops-marketplace/src/app/api/master/plugins/route.ts:14:5)
    at /home/michael/Proj/campops-marketplace/src/app/api/master/plugins/__tests__/route.test.ts:105:17
    at file:///home/michael/Proj/node_modules/@vitest/runner/dist/chunk-artifact.js:1903:20

stderr | src/app/api/master/plugins/__tests__/route.test.ts > GET /api/master/plugins > should handle custom limit and skip parameters
[PluginDiscovery] Error processing housekeeping: TypeError: __vite_ssr_import_2__.db.prepare(...).run is not a function
    at Function.processPlugin (/home/michael/Proj/campops-marketplace/src/lib/PluginDiscoveryService.ts:86:10)
    at Function.syncPlugins (/home/michael/Proj/campops-marketplace/src/lib/PluginDiscoveryService.ts:26:26)
    at Module.GET (/home/michael/Proj/campops-marketplace/src/app/api/master/plugins/route.ts:14:5)
    at /home/michael/Proj/campops-marketplace/src/app/api/master/plugins/__tests__/route.test.ts:105:17
    at file:///home/michael/Proj/node_modules/@vitest/runner/dist/chunk-artifact.js:1903:20

stderr | src/app/api/master/plugins/__tests__/route.test.ts > GET /api/master/plugins > should handle custom limit and skip parameters
[PluginDiscovery] Error processing hr-core: TypeError: __vite_ssr_import_2__.db.prepare(...).run is not a function
    at Function.processPlugin (/home/michael/Proj/campops-marketplace/src/lib/PluginDiscoveryService.ts:86:10)
    at Function.syncPlugins (/home/michael/Proj/campops-marketplace/src/lib/PluginDiscoveryService.ts:26:26)
    at Module.GET (/home/michael/Proj/campops-marketplace/src/app/api/master/plugins/route.ts:14:5)
    at /home/michael/Proj/campops-marketplace/src/app/api/master/plugins/__tests__/route.test.ts:105:17
    at file:///home/michael/Proj/node_modules/@vitest/runner/dist/chunk-artifact.js:1903:20

stderr | src/app/api/master/plugins/__tests__/route.test.ts > GET /api/master/plugins > should handle custom limit and skip parameters
[PluginDiscovery] Error processing ical: TypeError: __vite_ssr_import_2__.db.prepare(...).run is not a function
    at Function.processPlugin (/home/michael/Proj/campops-marketplace/src/lib/PluginDiscoveryService.ts:86:10)
    at Function.syncPlugins (/home/michael/Proj/campops-marketplace/src/lib/PluginDiscoveryService.ts:26:26)
    at Module.GET (/home/michael/Proj/campops-marketplace/src/app/api/master/plugins/route.ts:14:5)
    at /home/michael/Proj/campops-marketplace/src/app/api/master/plugins/__tests__/route.test.ts:105:17
    at file:///home/michael/Proj/node_modules/@vitest/runner/dist/chunk-artifact.js:1903:20

stderr | src/app/api/master/plugins/__tests__/route.test.ts > GET /api/master/plugins > should handle custom limit and skip parameters
[PluginDiscovery] Error processing ical-import: TypeError: __vite_ssr_import_2__.db.prepare(...).run is not a function
    at Function.processPlugin (/home/michael/Proj/campops-marketplace/src/lib/PluginDiscoveryService.ts:86:10)
    at Function.syncPlugins (/home/michael/Proj/campops-marketplace/src/lib/PluginDiscoveryService.ts:26:26)
    at Module.GET (/home/michael/Proj/campops-marketplace/src/app/api/master/plugins/route.ts:14:5)
    at /home/michael/Proj/campops-marketplace/src/app/api/master/plugins/__tests__/route.test.ts:105:17
    at file:///home/michael/Proj/node_modules/@vitest/runner/dist/chunk-artifact.js:1903:20

stderr | src/app/api/master/plugins/__tests__/route.test.ts > GET /api/master/plugins > should handle custom limit and skip parameters
[PluginDiscovery] Error processing inventory-waste: TypeError: __vite_ssr_import_2__.db.prepare(...).run is not a function
    at Function.processPlugin (/home/michael/Proj/campops-marketplace/src/lib/PluginDiscoveryService.ts:86:10)
    at Function.syncPlugins (/home/michael/Proj/campops-marketplace/src/lib/PluginDiscoveryService.ts:26:26)
    at Module.GET (/home/michael/Proj/campops-marketplace/src/app/api/master/plugins/route.ts:14:5)
    at /home/michael/Proj/campops-marketplace/src/app/api/master/plugins/__tests__/route.test.ts:105:17
    at file:///home/michael/Proj/node_modules/@vitest/runner/dist/chunk-artifact.js:1903:20

stderr | src/app/api/master/plugins/__tests__/route.test.ts > GET /api/master/plugins > should handle custom limit and skip parameters
[PluginDiscovery] Error processing listing-admin: TypeError: __vite_ssr_import_2__.db.prepare(...).run is not a function
    at Function.processPlugin (/home/michael/Proj/campops-marketplace/src/lib/PluginDiscoveryService.ts:86:10)
    at Function.syncPlugins (/home/michael/Proj/campops-marketplace/src/lib/PluginDiscoveryService.ts:26:26)
    at Module.GET (/home/michael/Proj/campops-marketplace/src/app/api/master/plugins/route.ts:14:5)
    at /home/michael/Proj/campops-marketplace/src/app/api/master/plugins/__tests__/route.test.ts:105:17
    at file:///home/michael/Proj/node_modules/@vitest/runner/dist/chunk-artifact.js:1903:20

stderr | src/app/api/master/plugins/__tests__/route.test.ts > GET /api/master/plugins > should handle custom limit and skip parameters
[PluginDiscovery] Error processing loyalty: TypeError: __vite_ssr_import_2__.db.prepare(...).run is not a function
    at Function.processPlugin (/home/michael/Proj/campops-marketplace/src/lib/PluginDiscoveryService.ts:86:10)
    at Function.syncPlugins (/home/michael/Proj/campops-marketplace/src/lib/PluginDiscoveryService.ts:26:26)
    at Module.GET (/home/michael/Proj/campops-marketplace/src/app/api/master/plugins/route.ts:14:5)
    at /home/michael/Proj/campops-marketplace/src/app/api/master/plugins/__tests__/route.test.ts:105:17
    at file:///home/michael/Proj/node_modules/@vitest/runner/dist/chunk-artifact.js:1903:20

stderr | src/app/api/master/plugins/__tests__/route.test.ts > GET /api/master/plugins > should handle custom limit and skip parameters
[PluginDiscovery] Error processing maintenance: TypeError: __vite_ssr_import_2__.db.prepare(...).run is not a function
    at Function.processPlugin (/home/michael/Proj/campops-marketplace/src/lib/PluginDiscoveryService.ts:86:10)
    at Function.syncPlugins (/home/michael/Proj/campops-marketplace/src/lib/PluginDiscoveryService.ts:26:26)
    at Module.GET (/home/michael/Proj/campops-marketplace/src/app/api/master/plugins/route.ts:14:5)
    at /home/michael/Proj/campops-marketplace/src/app/api/master/plugins/__tests__/route.test.ts:105:17
    at file:///home/michael/Proj/node_modules/@vitest/runner/dist/chunk-artifact.js:1903:20

stderr | src/app/api/master/plugins/__tests__/route.test.ts > GET /api/master/plugins > should handle custom limit and skip parameters
[PluginDiscovery] Error processing marketing-automation: TypeError: __vite_ssr_import_2__.db.prepare(...).run is not a function
    at Function.processPlugin (/home/michael/Proj/campops-marketplace/src/lib/PluginDiscoveryService.ts:86:10)
    at Function.syncPlugins (/home/michael/Proj/campops-marketplace/src/lib/PluginDiscoveryService.ts:26:26)
    at Module.GET (/home/michael/Proj/campops-marketplace/src/app/api/master/plugins/route.ts:14:5)
    at /home/michael/Proj/campops-marketplace/src/app/api/master/plugins/__tests__/route.test.ts:105:17
    at file:///home/michael/Proj/node_modules/@vitest/runner/dist/chunk-artifact.js:1903:20

stderr | src/app/api/master/plugins/__tests__/route.test.ts > GET /api/master/plugins > should handle custom limit and skip parameters
[PluginDiscovery] Error processing ota-channel-manager: TypeError: __vite_ssr_import_2__.db.prepare(...).run is not a function
    at Function.processPlugin (/home/michael/Proj/campops-marketplace/src/lib/PluginDiscoveryService.ts:86:10)
    at Function.syncPlugins (/home/michael/Proj/campops-marketplace/src/lib/PluginDiscoveryService.ts:26:26)
    at Module.GET (/home/michael/Proj/campops-marketplace/src/app/api/master/plugins/route.ts:14:5)
    at /home/michael/Proj/campops-marketplace/src/app/api/master/plugins/__tests__/route.test.ts:105:17
    at file:///home/michael/Proj/node_modules/@vitest/runner/dist/chunk-artifact.js:1903:20

stderr | src/app/api/master/plugins/__tests__/route.test.ts > GET /api/master/plugins > should handle custom limit and skip parameters
[PluginDiscovery] Error processing pos-kds: TypeError: __vite_ssr_import_2__.db.prepare(...).run is not a function
    at Function.processPlugin (/home/michael/Proj/campops-marketplace/src/lib/PluginDiscoveryService.ts:86:10)
    at Function.syncPlugins (/home/michael/Proj/campops-marketplace/src/lib/PluginDiscoveryService.ts:26:26)
    at Module.GET (/home/michael/Proj/campops-marketplace/src/app/api/master/plugins/route.ts:14:5)
    at /home/michael/Proj/campops-marketplace/src/app/api/master/plugins/__tests__/route.test.ts:105:17
    at file:///home/michael/Proj/node_modules/@vitest/runner/dist/chunk-artifact.js:1903:20

stderr | src/app/api/master/plugins/__tests__/route.test.ts > GET /api/master/plugins > should handle custom limit and skip parameters
[PluginDiscovery] Error processing pwa: TypeError: __vite_ssr_import_2__.db.prepare(...).run is not a function
    at Function.processPlugin (/home/michael/Proj/campops-marketplace/src/lib/PluginDiscoveryService.ts:86:10)
    at Function.syncPlugins (/home/michael/Proj/campops-marketplace/src/lib/PluginDiscoveryService.ts:26:26)
    at Module.GET (/home/michael/Proj/campops-marketplace/src/app/api/master/plugins/route.ts:14:5)
    at /home/michael/Proj/campops-marketplace/src/app/api/master/plugins/__tests__/route.test.ts:105:17
    at file:///home/michael/Proj/node_modules/@vitest/runner/dist/chunk-artifact.js:1903:20

stderr | src/app/api/master/plugins/__tests__/route.test.ts > GET /api/master/plugins > should handle custom limit and skip parameters
[PluginDiscovery] Error processing siteminder: TypeError: __vite_ssr_import_2__.db.prepare(...).run is not a function
    at Function.processPlugin (/home/michael/Proj/campops-marketplace/src/lib/PluginDiscoveryService.ts:86:10)
    at Function.syncPlugins (/home/michael/Proj/campops-marketplace/src/lib/PluginDiscoveryService.ts:26:26)
    at Module.GET (/home/michael/Proj/campops-marketplace/src/app/api/master/plugins/route.ts:14:5)
    at /home/michael/Proj/campops-marketplace/src/app/api/master/plugins/__tests__/route.test.ts:105:17
    at file:///home/michael/Proj/node_modules/@vitest/runner/dist/chunk-artifact.js:1903:20

stderr | src/app/api/master/plugins/__tests__/route.test.ts > GET /api/master/plugins > should handle custom limit and skip parameters
[PluginDiscovery] Error processing staff-roster: TypeError: __vite_ssr_import_2__.db.prepare(...).run is not a function
    at Function.processPlugin (/home/michael/Proj/campops-marketplace/src/lib/PluginDiscoveryService.ts:86:10)
    at Function.syncPlugins (/home/michael/Proj/campops-marketplace/src/lib/PluginDiscoveryService.ts:26:26)
    at Module.GET (/home/michael/Proj/campops-marketplace/src/app/api/master/plugins/route.ts:14:5)
    at /home/michael/Proj/campops-marketplace/src/app/api/master/plugins/__tests__/route.test.ts:105:17
    at file:///home/michael/Proj/node_modules/@vitest/runner/dist/chunk-artifact.js:1903:20

stderr | src/app/api/master/plugins/__tests__/route.test.ts > GET /api/master/plugins > should handle custom limit and skip parameters
[PluginDiscovery] Error processing subscriptions: TypeError: __vite_ssr_import_2__.db.prepare(...).run is not a function
    at Function.processPlugin (/home/michael/Proj/campops-marketplace/src/lib/PluginDiscoveryService.ts:86:10)
    at Function.syncPlugins (/home/michael/Proj/campops-marketplace/src/lib/PluginDiscoveryService.ts:26:26)
    at Module.GET (/home/michael/Proj/campops-marketplace/src/app/api/master/plugins/route.ts:14:5)
    at /home/michael/Proj/campops-marketplace/src/app/api/master/plugins/__tests__/route.test.ts:105:17
    at file:///home/michael/Proj/node_modules/@vitest/runner/dist/chunk-artifact.js:1903:20

stderr | src/app/api/master/plugins/__tests__/route.test.ts > GET /api/master/plugins > should handle custom limit and skip parameters
[PluginDiscovery] Error processing test-dock: TypeError: __vite_ssr_import_2__.db.prepare(...).run is not a function
    at Function.processPlugin (/home/michael/Proj/campops-marketplace/src/lib/PluginDiscoveryService.ts:86:10)
    at Function.syncPlugins (/home/michael/Proj/campops-marketplace/src/lib/PluginDiscoveryService.ts:26:26)
    at Module.GET (/home/michael/Proj/campops-marketplace/src/app/api/master/plugins/route.ts:14:5)
    at /home/michael/Proj/campops-marketplace/src/app/api/master/plugins/__tests__/route.test.ts:105:17
    at file:///home/michael/Proj/node_modules/@vitest/runner/dist/chunk-artifact.js:1903:20

stdout | src/app/api/master/plugins/__tests__/route.test.ts > GET /api/master/plugins > should handle custom limit and skip parameters
[PluginDiscovery] Synchronisation complete.

stderr | src/app/api/master/plugins/__tests__/route.test.ts > GET /api/master/plugins > should handle custom limit and skip parameters
[Master Plugins API] Error: Error: Database error
    at /home/michael/Proj/campops-marketplace/src/app/api/master/plugins/__tests__/route.test.ts:60:38
    at file:///home/michael/Proj/node_modules/@vitest/runner/dist/chunk-artifact.js:302:11
    at file:///home/michael/Proj/node_modules/@vitest/runner/dist/chunk-artifact.js:1903:26
    at file:///home/michael/Proj/node_modules/@vitest/runner/dist/chunk-artifact.js:2326:20
    at new Promise (<anonymous>)
    at runWithCancel (file:///home/michael/Proj/node_modules/@vitest/runner/dist/chunk-artifact.js:2323:10)
    at file:///home/michael/Proj/node_modules/@vitest/runner/dist/chunk-artifact.js:2305:20
    at new Promise (<anonymous>)
    at runWithTimeout (file:///home/michael/Proj/node_modules/@vitest/runner/dist/chunk-artifact.js:2272:10)
    at file:///home/michael/Proj/node_modules/@vitest/runner/dist/chunk-artifact.js:2955:64

stdout | src/app/api/master/plugins/__tests__/route.test.ts > POST /api/master/plugins/toggle > should enable a plugin for a property
[Master Plugins API] Toggle: plugin=ical-sync, property=1, enabled=true

stdout | src/app/api/master/plugins/__tests__/route.test.ts > POST /api/master/plugins/toggle > should enable a plugin for a property
[Master Plugins API] Creating new association

stdout | src/app/api/master/plugins/__tests__/route.test.ts > POST /api/master/plugins/toggle > should disable a plugin for a property
[Master Plugins API] Toggle: plugin=ical-sync, property=1, enabled=false

stdout | src/app/api/master/plugins/__tests__/route.test.ts > POST /api/master/plugins/toggle > should disable a plugin for a property
[Master Plugins API] Updating existing association: existing

stdout | src/app/api/master/plugins/__tests__/route.test.ts > POST /api/master/plugins/toggle > should return 400 for missing required fields
[Master Plugins API] Toggle: plugin=ical-sync, property=undefined, enabled=undefined

stdout | src/app/api/master/plugins/__tests__/route.test.ts > POST /api/master/plugins/toggle > should handle database errors gracefully
[Master Plugins API] Toggle: plugin=ical-sync, property=1, enabled=true

stderr | src/app/api/master/plugins/__tests__/route.test.ts > POST /api/master/plugins/toggle > should handle database errors gracefully
[Master Plugins API] Error: Error: Database error
    at /home/michael/Proj/campops-marketplace/src/app/api/master/plugins/__tests__/route.test.ts:177:38
    at file:///home/michael/Proj/node_modules/@vitest/runner/dist/chunk-artifact.js:302:11
    at file:///home/michael/Proj/node_modules/@vitest/runner/dist/chunk-artifact.js:1903:26
    at file:///home/michael/Proj/node_modules/@vitest/runner/dist/chunk-artifact.js:2326:20
    at new Promise (<anonymous>)
    at runWithCancel (file:///home/michael/Proj/node_modules/@vitest/runner/dist/chunk-artifact.js:2323:10)
    at file:///home/michael/Proj/node_modules/@vitest/runner/dist/chunk-artifact.js:2305:20
    at new Promise (<anonymous>)
    at runWithTimeout (file:///home/michael/Proj/node_modules/@vitest/runner/dist/chunk-artifact.js:2272:10)
    at file:///home/michael/Proj/node_modules/@vitest/runner/dist/chunk-artifact.js:2955:64

stdout | src/app/api/master/plugins/__tests__/route.test.ts > POST /api/master/plugins/toggle > should not create new record when disabling non-existent plugin
[Master Plugins API] Toggle: plugin=ical-sync, property=1, enabled=false

stdout | src/app/api/master/plugins/__tests__/route.test.ts > POST /api/master/plugins/toggle > should return 400 when enabled is not a boolean
[Master Plugins API] Toggle: plugin=ical-sync, property=1, enabled=true

 ❯ src/app/api/master/plugins/__tests__/route.test.ts (11 tests | 4 failed) 560ms
     × should return all plugins 125ms
     ✓ should handle database errors gracefully 105ms
     × should return empty array when no plugins exist 78ms
     × should handle null count result 113ms
     × should handle custom limit and skip parameters 104ms
     ✓ should enable a plugin for a property 5ms
     ✓ should disable a plugin for a property 5ms
     ✓ should return 400 for missing required fields 4ms
     ✓ should handle database errors gracefully 7ms
     ✓ should not create new record when disabling non-existent plugin 4ms
     ✓ should return 400 when enabled is not a boolean 3ms
 ❯ src/app/api/guest/dashboard/__tests__/route.test.ts (0 test)
stderr | src/app/api/public/homepage-config/__tests__/route.test.ts > GET /api/public/homepage-config > should handle database errors gracefully
[Homepage Config API] Error: Error: Database connection failed
    at /home/michael/Proj/campops-marketplace/src/app/api/public/homepage-config/__tests__/route.test.ts:61:38
    at file:///home/michael/Proj/node_modules/@vitest/runner/dist/chunk-artifact.js:302:11
    at file:///home/michael/Proj/node_modules/@vitest/runner/dist/chunk-artifact.js:1903:26
    at file:///home/michael/Proj/node_modules/@vitest/runner/dist/chunk-artifact.js:2326:20
    at new Promise (<anonymous>)
    at runWithCancel (file:///home/michael/Proj/node_modules/@vitest/runner/dist/chunk-artifact.js:2323:10)
    at file:///home/michael/Proj/node_modules/@vitest/runner/dist/chunk-artifact.js:2305:20
    at new Promise (<anonymous>)
    at runWithTimeout (file:///home/michael/Proj/node_modules/@vitest/runner/dist/chunk-artifact.js:2272:10)
    at file:///home/michael/Proj/node_modules/@vitest/runner/dist/chunk-artifact.js:2955:64

stderr | src/app/api/public/homepage-config/__tests__/route.test.ts > GET /api/public/homepage-config > should return default config on fetch error
[Homepage Config API] Error: Error: Unexpected error
    at Object.<anonymous> (/home/michael/Proj/campops-marketplace/src/app/api/public/homepage-config/__tests__/route.test.ts:74:13)
    at Object.Mock [as prepare] (file:///home/michael/Proj/node_modules/@vitest/spy/dist/index.js:332:34)
    at Module.GET (/home/michael/Proj/campops-marketplace/src/app/api/public/homepage-config/route.ts:24:8)
    at /home/michael/Proj/campops-marketplace/src/app/api/public/homepage-config/__tests__/route.test.ts:78:23
    at file:///home/michael/Proj/node_modules/@vitest/runner/dist/chunk-artifact.js:302:11
    at file:///home/michael/Proj/node_modules/@vitest/runner/dist/chunk-artifact.js:1903:26
    at file:///home/michael/Proj/node_modules/@vitest/runner/dist/chunk-artifact.js:2326:20
    at new Promise (<anonymous>)
    at runWithCancel (file:///home/michael/Proj/node_modules/@vitest/runner/dist/chunk-artifact.js:2323:10)
    at file:///home/michael/Proj/node_modules/@vitest/runner/dist/chunk-artifact.js:2305:20

stderr | src/app/api/public/homepage-config/__tests__/route.test.ts > PUT /api/public/homepage-config > should handle database errors on update
[Homepage Config API] Error: Error: Database error
    at /home/michael/Proj/campops-marketplace/src/app/api/public/homepage-config/__tests__/route.test.ts:169:38
    at file:///home/michael/Proj/node_modules/@vitest/runner/dist/chunk-artifact.js:302:11
    at file:///home/michael/Proj/node_modules/@vitest/runner/dist/chunk-artifact.js:1903:26
    at file:///home/michael/Proj/node_modules/@vitest/runner/dist/chunk-artifact.js:2326:20
    at new Promise (<anonymous>)
    at runWithCancel (file:///home/michael/Proj/node_modules/@vitest/runner/dist/chunk-artifact.js:2323:10)
    at file:///home/michael/Proj/node_modules/@vitest/runner/dist/chunk-artifact.js:2305:20
    at new Promise (<anonymous>)
    at runWithTimeout (file:///home/michael/Proj/node_modules/@vitest/runner/dist/chunk-artifact.js:2272:10)
    at file:///home/michael/Proj/node_modules/@vitest/runner/dist/chunk-artifact.js:2955:64

 ✓ src/lib/__tests__/owner.test.ts (1 test) 166ms
 ✓ src/app/api/public/homepage-config/__tests__/route.test.ts (10 tests) 86ms
 ❯ src/app/api/manage/[listingId]/finance/__tests__/route.test.ts (0 test)
stderr | src/lib/__tests__/auth.test.ts > Auth Configuration > should use sqlite provider when VITEST is true
2026-05-09T08:24:19.797Z WARN [Better Auth]: [better-auth] Base URL could not be determined. Please set a valid base URL using the baseURL config option or the BETTER_AUTH_URL environment variable. Without this, callbacks and redirects may not work correctly.

stderr | src/lib/__tests__/auth.test.ts > Auth Configuration > should use pg provider when DATABASE_URL is set and not in test
2026-05-09T08:24:19.817Z WARN [Better Auth]: [better-auth] Base URL could not be determined. Please set a valid base URL using the baseURL config option or the BETTER_AUTH_URL environment variable. Without this, callbacks and redirects may not work correctly.

 ✓ plugins/test-dock/src/__tests__/index.test.ts (8 tests) 64ms
stderr | src/lib/__tests__/ui-registry.test.ts
2026-05-09T08:24:19.819Z WARN [Better Auth]: [better-auth] Base URL could not be determined. Please set a valid base URL using the baseURL config option or the BETTER_AUTH_URL environment variable. Without this, callbacks and redirects may not work correctly.

stderr | src/lib/__tests__/auth.test.ts > Auth Configuration > should fallback to sqlite when no DATABASE_URL and not in test
2026-05-09T08:24:19.825Z WARN [Better Auth]: [better-auth] Base URL could not be determined. Please set a valid base URL using the baseURL config option or the BETTER_AUTH_URL environment variable. Without this, callbacks and redirects may not work correctly.

 ✓ src/lib/__tests__/auth.test.ts (3 tests) 689ms
     ✓ should use sqlite provider when VITEST is true  656ms
stderr | src/lib/__tests__/ui-registry.test.ts > UI Registry API Route > should handle database errors gracefully
[UI Registry API] Error: Error: Database error
    at /home/michael/Proj/campops-marketplace/src/lib/__tests__/ui-registry.test.ts:170:41
    at file:///home/michael/Proj/node_modules/@vitest/runner/dist/chunk-artifact.js:302:11
    at file:///home/michael/Proj/node_modules/@vitest/runner/dist/chunk-artifact.js:1903:26
    at file:///home/michael/Proj/node_modules/@vitest/runner/dist/chunk-artifact.js:2326:20
    at new Promise (<anonymous>)
    at runWithCancel (file:///home/michael/Proj/node_modules/@vitest/runner/dist/chunk-artifact.js:2323:10)
    at file:///home/michael/Proj/node_modules/@vitest/runner/dist/chunk-artifact.js:2305:20
    at new Promise (<anonymous>)
    at runWithTimeout (file:///home/michael/Proj/node_modules/@vitest/runner/dist/chunk-artifact.js:2272:10)
    at file:///home/michael/Proj/node_modules/@vitest/runner/dist/chunk-artifact.js:2955:64

 ✓ src/lib/__tests__/ui-registry.test.ts (10 tests) 93ms
stderr | src/app/api/manage/[listingId]/bookings/__tests__/route.test.ts > GET /api/manage/:listingId/bookings > should handle database errors gracefully
[Manager Bookings API] Error: Error: Database error
    at /home/michael/Proj/campops-marketplace/src/app/api/manage/[listingId]/bookings/__tests__/route.test.ts:50:38
    at file:///home/michael/Proj/node_modules/@vitest/runner/dist/chunk-artifact.js:302:11
    at file:///home/michael/Proj/node_modules/@vitest/runner/dist/chunk-artifact.js:1903:26
    at file:///home/michael/Proj/node_modules/@vitest/runner/dist/chunk-artifact.js:2326:20
    at new Promise (<anonymous>)
    at runWithCancel (file:///home/michael/Proj/node_modules/@vitest/runner/dist/chunk-artifact.js:2323:10)
    at file:///home/michael/Proj/node_modules/@vitest/runner/dist/chunk-artifact.js:2305:20
    at new Promise (<anonymous>)
    at runWithTimeout (file:///home/michael/Proj/node_modules/@vitest/runner/dist/chunk-artifact.js:2272:10)
    at file:///home/michael/Proj/node_modules/@vitest/runner/dist/chunk-artifact.js:2955:64

stderr | src/app/api/manage/[listingId]/bookings/__tests__/route.test.ts > POST /api/manage/:listingId/bookings > should handle POST database errors gracefully
[Manager Bookings API] Error: Error: Database error
    at /home/michael/Proj/campops-marketplace/src/app/api/manage/[listingId]/bookings/__tests__/route.test.ts:189:38
    at file:///home/michael/Proj/node_modules/@vitest/runner/dist/chunk-artifact.js:302:11
    at file:///home/michael/Proj/node_modules/@vitest/runner/dist/chunk-artifact.js:1903:26
    at file:///home/michael/Proj/node_modules/@vitest/runner/dist/chunk-artifact.js:2326:20
    at new Promise (<anonymous>)
    at runWithCancel (file:///home/michael/Proj/node_modules/@vitest/runner/dist/chunk-artifact.js:2323:10)
    at file:///home/michael/Proj/node_modules/@vitest/runner/dist/chunk-artifact.js:2305:20
    at new Promise (<anonymous>)
    at runWithTimeout (file:///home/michael/Proj/node_modules/@vitest/runner/dist/chunk-artifact.js:2272:10)
    at file:///home/michael/Proj/node_modules/@vitest/runner/dist/chunk-artifact.js:2955:64

 ✓ src/app/api/manage/[listingId]/bookings/__tests__/route.test.ts (9 tests) 69ms
stdout | plugins/pwa/__tests__/ui.test.tsx > PWA UI Components > should show banner on beforeinstallprompt event
[PWA] User choice: accepted

stderr | plugins/pwa/__tests__/ui.test.tsx > PWA UI Components > should show banner on beforeinstallprompt event
Warning: An update to PWAInstallBanner inside a test was not wrapped in act(...).

When testing, code that causes React state updates should be wrapped into act(...):

act(() => {
  /* fire events that update state */
});
/* assert on the output */

This ensures that you're testing the behavior the user would see in the browser. Learn more at https://reactjs.org/link/wrap-tests-with-act
    at PWAInstallBanner (/home/michael/Proj/campops-marketplace/plugins/pwa/src/ui.tsx:9:81)
Warning: An update to PWAInstallBanner inside a test was not wrapped in act(...).

When testing, code that causes React state updates should be wrapped into act(...):

act(() => {
  /* fire events that update state */
});
/* assert on the output */

This ensures that you're testing the behavior the user would see in the browser. Learn more at https://reactjs.org/link/wrap-tests-with-act
    at PWAInstallBanner (/home/michael/Proj/campops-marketplace/plugins/pwa/src/ui.tsx:9:81)

 ✓ plugins/pwa/__tests__/ui.test.tsx (6 tests) 205ms
stdout | src/lib/__tests__/plugin-discovery.test.ts > PluginDiscoveryService Integration > should sync plugins from filesystem to database
[PluginDiscovery] Starting synchronisation...

stdout | src/lib/__tests__/plugin-discovery.test.ts > PluginDiscoveryService Integration > should sync plugins from filesystem to database
[PluginDiscovery] Processed plugin: accounting

stdout | src/lib/__tests__/plugin-discovery.test.ts > PluginDiscoveryService Integration > should sync plugins from filesystem to database
[PluginDiscovery] Processed plugin: activities

stdout | src/lib/__tests__/plugin-discovery.test.ts > PluginDiscoveryService Integration > should sync plugins from filesystem to database
[PluginDiscovery] Processed plugin: booking

stdout | src/lib/__tests__/plugin-discovery.test.ts > PluginDiscoveryService Integration > should sync plugins from filesystem to database
[PluginDiscovery] Processed plugin: crm

stdout | src/lib/__tests__/plugin-discovery.test.ts > PluginDiscoveryService Integration > should sync plugins from filesystem to database
[PluginDiscovery] Processed plugin: financial-ops

stdout | src/lib/__tests__/plugin-discovery.test.ts > PluginDiscoveryService Integration > should sync plugins from filesystem to database
[PluginDiscovery] Processed plugin: guest-crm

stdout | src/lib/__tests__/plugin-discovery.test.ts > PluginDiscoveryService Integration > should sync plugins from filesystem to database
[PluginDiscovery] Processed plugin: housekeeping

stdout | src/lib/__tests__/plugin-discovery.test.ts > PluginDiscoveryService Integration > should sync plugins from filesystem to database
[PluginDiscovery] Processed plugin: hr-core

stdout | src/lib/__tests__/plugin-discovery.test.ts > PluginDiscoveryService Integration > should sync plugins from filesystem to database
[PluginDiscovery] Processed plugin: ical

stdout | src/lib/__tests__/plugin-discovery.test.ts > PluginDiscoveryService Integration > should sync plugins from filesystem to database
[PluginDiscovery] Processed plugin: ical-import

stdout | src/lib/__tests__/plugin-discovery.test.ts > PluginDiscoveryService Integration > should sync plugins from filesystem to database
[PluginDiscovery] Processed plugin: inventory-waste

stdout | src/lib/__tests__/plugin-discovery.test.ts > PluginDiscoveryService Integration > should sync plugins from filesystem to database
[PluginDiscovery] Processed plugin: listing-admin

stdout | src/lib/__tests__/plugin-discovery.test.ts > PluginDiscoveryService Integration > should sync plugins from filesystem to database
[PluginDiscovery] Processed plugin: loyalty

stdout | src/lib/__tests__/plugin-discovery.test.ts > PluginDiscoveryService Integration > should sync plugins from filesystem to database
[PluginDiscovery] Processed plugin: maintenance

stdout | src/lib/__tests__/plugin-discovery.test.ts > PluginDiscoveryService Integration > should sync plugins from filesystem to database
[PluginDiscovery] Processed plugin: marketing-automation

stdout | src/lib/__tests__/plugin-discovery.test.ts > PluginDiscoveryService Integration > should sync plugins from filesystem to database
[PluginDiscovery] Processed plugin: ota-channel-manager

stdout | src/lib/__tests__/plugin-discovery.test.ts > PluginDiscoveryService Integration > should sync plugins from filesystem to database
[PluginDiscovery] Processed plugin: pos-kds

stdout | src/lib/__tests__/plugin-discovery.test.ts > PluginDiscoveryService Integration > should sync plugins from filesystem to database
[PluginDiscovery] Processed plugin: pwa

stdout | src/lib/__tests__/plugin-discovery.test.ts > PluginDiscoveryService Integration > should sync plugins from filesystem to database
[PluginDiscovery] Processed plugin: siteminder

 ✓ plugins/booking/__tests__/index.test.ts (4 tests) 60ms
stdout | src/lib/__tests__/plugin-discovery.test.ts > PluginDiscoveryService Integration > should sync plugins from filesystem to database
[PluginDiscovery] Processed plugin: staff-roster

stdout | src/lib/__tests__/plugin-discovery.test.ts > PluginDiscoveryService Integration > should sync plugins from filesystem to database
[PluginDiscovery] Processed plugin: subscriptions

stdout | src/lib/__tests__/plugin-discovery.test.ts > PluginDiscoveryService Integration > should sync plugins from filesystem to database
[PluginDiscovery] Processed plugin: test-dock

stdout | src/lib/__tests__/plugin-discovery.test.ts > PluginDiscoveryService Integration > should sync plugins from filesystem to database
[PluginDiscovery] Deactivating 4 missing plugins...

stdout | src/lib/__tests__/plugin-discovery.test.ts > PluginDiscoveryService Integration > should sync plugins from filesystem to database
[PluginDiscovery] Synchronisation complete.

 ✓ src/lib/__tests__/plugin-discovery.test.ts (1 test) 56ms
 ✓ src/components/homepage/__tests__/Categories.test.tsx (9 tests) 212ms
 ✓ src/components/homepage/__tests__/FeaturedListings.test.tsx (12 tests) 468ms
 ✓ src/components/homepage/__tests__/HeroSection.test.tsx (7 tests) 727ms
     ✓ should have all guest options  405ms
stderr | src/app/api/public/featured-listings/__tests__/route.test.ts > GET /api/public/featured-listings > should handle database errors gracefully
[Featured Listings API] Error: Error: Database error
    at /home/michael/Proj/campops-marketplace/src/app/api/public/featured-listings/__tests__/route.test.ts:101:38
    at file:///home/michael/Proj/node_modules/@vitest/runner/dist/chunk-artifact.js:302:11
    at file:///home/michael/Proj/node_modules/@vitest/runner/dist/chunk-artifact.js:1903:26
    at file:///home/michael/Proj/node_modules/@vitest/runner/dist/chunk-artifact.js:2326:20
    at new Promise (<anonymous>)
    at runWithCancel (file:///home/michael/Proj/node_modules/@vitest/runner/dist/chunk-artifact.js:2323:10)
    at file:///home/michael/Proj/node_modules/@vitest/runner/dist/chunk-artifact.js:2305:20
    at new Promise (<anonymous>)
    at runWithTimeout (file:///home/michael/Proj/node_modules/@vitest/runner/dist/chunk-artifact.js:2272:10)
    at file:///home/michael/Proj/node_modules/@vitest/runner/dist/chunk-artifact.js:2955:64

 ✓ src/app/api/public/featured-listings/__tests__/route.test.ts (8 tests) 75ms
stdout | src/app/api/master/listings/__tests__/route.test.ts > GET /api/master/listings > should return all listings with stats
[Listings API] Returning 1 listings

stderr | src/app/api/master/listings/__tests__/route.test.ts > GET /api/master/listings > should handle database errors gracefully
[Master Listings API] Error: Error: Database error
    at /home/michael/Proj/campops-marketplace/src/app/api/master/listings/__tests__/route.test.ts:59:38
    at file:///home/michael/Proj/node_modules/@vitest/runner/dist/chunk-artifact.js:302:11
    at file:///home/michael/Proj/node_modules/@vitest/runner/dist/chunk-artifact.js:1903:26
    at file:///home/michael/Proj/node_modules/@vitest/runner/dist/chunk-artifact.js:2326:20
    at new Promise (<anonymous>)
    at runWithCancel (file:///home/michael/Proj/node_modules/@vitest/runner/dist/chunk-artifact.js:2323:10)
    at file:///home/michael/Proj/node_modules/@vitest/runner/dist/chunk-artifact.js:2305:20
    at new Promise (<anonymous>)
    at runWithTimeout (file:///home/michael/Proj/node_modules/@vitest/runner/dist/chunk-artifact.js:2272:10)
    at file:///home/michael/Proj/node_modules/@vitest/runner/dist/chunk-artifact.js:2955:64

stdout | src/app/api/master/listings/__tests__/route.test.ts > GET /api/master/listings > should return empty array when no listings exist
[Listings API] Returning 0 listings

 ✓ src/app/api/master/listings/__tests__/route.test.ts (3 tests) 42ms
stderr | src/app/api/public/categories/__tests__/route.test.ts > GET /api/public/categories > should handle database errors gracefully
[Categories API] Error: Error: Database connection failed
    at /home/michael/Proj/campops-marketplace/src/app/api/public/categories/__tests__/route.test.ts:67:38
    at file:///home/michael/Proj/node_modules/@vitest/runner/dist/chunk-artifact.js:302:11
    at file:///home/michael/Proj/node_modules/@vitest/runner/dist/chunk-artifact.js:1903:26
    at file:///home/michael/Proj/node_modules/@vitest/runner/dist/chunk-artifact.js:2326:20
    at new Promise (<anonymous>)
    at runWithCancel (file:///home/michael/Proj/node_modules/@vitest/runner/dist/chunk-artifact.js:2323:10)
    at file:///home/michael/Proj/node_modules/@vitest/runner/dist/chunk-artifact.js:2305:20
    at new Promise (<anonymous>)
    at runWithTimeout (file:///home/michael/Proj/node_modules/@vitest/runner/dist/chunk-artifact.js:2272:10)
    at file:///home/michael/Proj/node_modules/@vitest/runner/dist/chunk-artifact.js:2955:64

 ✓ src/app/api/public/categories/__tests__/route.test.ts (5 tests) 46ms
 ✓ packages/plugin-starter/src/index.test.ts (4 tests) 46ms
stderr | src/app/api/plugins/ui-registry/__tests__/route.test.ts
2026-05-09T08:24:22.321Z WARN [Better Auth]: [better-auth] Base URL could not be determined. Please set a valid base URL using the baseURL config option or the BETTER_AUTH_URL environment variable. Without this, callbacks and redirects may not work correctly.

stderr | src/app/api/plugins/ui-registry/__tests__/route.test.ts > GET /api/plugins/ui-registry > should handle DB errors gracefully
[UI Registry API] Error: Error: DB Error
    at /home/michael/Proj/campops-marketplace/src/app/api/plugins/ui-registry/__tests__/route.test.ts:80:41
    at file:///home/michael/Proj/node_modules/@vitest/runner/dist/chunk-artifact.js:302:11
    at file:///home/michael/Proj/node_modules/@vitest/runner/dist/chunk-artifact.js:1903:26
    at file:///home/michael/Proj/node_modules/@vitest/runner/dist/chunk-artifact.js:2326:20
    at new Promise (<anonymous>)
    at runWithCancel (file:///home/michael/Proj/node_modules/@vitest/runner/dist/chunk-artifact.js:2323:10)
    at file:///home/michael/Proj/node_modules/@vitest/runner/dist/chunk-artifact.js:2305:20
    at new Promise (<anonymous>)
    at runWithTimeout (file:///home/michael/Proj/node_modules/@vitest/runner/dist/chunk-artifact.js:2272:10)
    at file:///home/michael/Proj/node_modules/@vitest/runner/dist/chunk-artifact.js:2955:64

 ✓ src/app/api/plugins/ui-registry/__tests__/route.test.ts (4 tests) 49ms
stdout | plugins/pwa/__tests__/pwa-plugin.test.ts > PWA Plugin > should initialize and create settings and subscriptions tables
[Plugin:pwa] [pwa] Initialising PWA plugin reference implementation…

stdout | plugins/pwa/__tests__/pwa-plugin.test.ts > PWA Plugin > should initialize and create settings and subscriptions tables
[Plugin:pwa] [pwa] Reference implementation ready

stdout | plugins/pwa/__tests__/pwa-plugin.test.ts > PWA Plugin > should register hooks for listing page load
[Plugin:pwa] [pwa] Initialising PWA plugin reference implementation…

stdout | plugins/pwa/__tests__/pwa-plugin.test.ts > PWA Plugin > should register hooks for listing page load
[Plugin:pwa] [pwa] Reference implementation ready

stdout | plugins/pwa/__tests__/pwa-plugin.test.ts > PWA Plugin > should register UI components in correct slots
[Plugin:pwa] [pwa] Initialising PWA plugin reference implementation…

stdout | plugins/pwa/__tests__/pwa-plugin.test.ts > PWA Plugin > should register UI components in correct slots
[Plugin:pwa] [pwa] Reference implementation ready

stdout | plugins/pwa/__tests__/pwa-plugin.test.ts > PWA Plugin > should register a settings page
[Plugin:pwa] [pwa] Initialising PWA plugin reference implementation…

stdout | plugins/pwa/__tests__/pwa-plugin.test.ts > PWA Plugin > should register a settings page
[Plugin:pwa] [pwa] Reference implementation ready

 ✓ plugins/pwa/__tests__/pwa-plugin.test.ts (4 tests) 41ms
stdout | src/lib/__tests__/plugin-integration.test.ts > Plugin Inter-communication Integration > triggers CRM activity logging when a booking is created
[Plugin:booking] Initializing Booking Plugin...

stdout | src/lib/__tests__/plugin-integration.test.ts > Plugin Inter-communication Integration > triggers CRM activity logging when a booking is created
[Plugin:booking] Registered route: /api/bookings

stdout | src/lib/__tests__/plugin-integration.test.ts > Plugin Inter-communication Integration > triggers CRM activity logging when a booking is created
[Plugin:crm] Initializing CRM Plugin...

stdout | src/lib/__tests__/plugin-integration.test.ts > Plugin Inter-communication Integration > triggers CRM activity logging when a booking is created
[Plugin:booking] Creating booking for Samantha Reed

stdout | src/lib/__tests__/plugin-integration.test.ts > Plugin Inter-communication Integration > triggers CRM activity logging when a booking is created
[Plugin:crm] Reacting to booking for Samantha Reed

stdout | src/lib/__tests__/plugin-integration.test.ts > Plugin Inter-communication Integration > Booking plugin works standalone even if CRM is not initialized
[Plugin:booking] Initializing Booking Plugin...

stdout | src/lib/__tests__/plugin-integration.test.ts > Plugin Inter-communication Integration > Booking plugin works standalone even if CRM is not initialized
[Plugin:booking] Registered route: /api/bookings

stdout | src/lib/__tests__/plugin-integration.test.ts > Plugin Inter-communication Integration > Booking plugin works standalone even if CRM is not initialized
[Plugin:booking] Creating booking for Standalone Guest

 ✓ src/lib/__tests__/plugin-integration.test.ts (2 tests) 24ms
 ✓ src/lib/__tests__/hooks.test.ts (11 tests) 26ms
 ✓ plugins/loyalty/__tests__/index.test.ts (7 tests) 37ms
stdout | src/lib/__tests__/PluginDiscoveryService.test.ts > PluginDiscoveryService > should skip folders without plugin.json
[PluginDiscovery] Starting synchronisation...

stdout | src/lib/__tests__/PluginDiscoveryService.test.ts > PluginDiscoveryService > should skip folders without plugin.json
[PluginDiscovery] Synchronisation complete.

stdout | src/lib/__tests__/PluginDiscoveryService.test.ts > PluginDiscoveryService > should handle invalid JSON in plugin.json
[PluginDiscovery] Starting synchronisation...

stdout | src/lib/__tests__/PluginDiscoveryService.test.ts > PluginDiscoveryService > should handle invalid JSON in plugin.json
[PluginDiscovery] Synchronisation complete.

stdout | src/lib/__tests__/PluginDiscoveryService.test.ts > PluginDiscoveryService > should handle error in readdir
[PluginDiscovery] Starting synchronisation...

stdout | src/lib/__tests__/PluginDiscoveryService.test.ts > PluginDiscoveryService > should upsert plugin data into database
[PluginDiscovery] Starting synchronisation...

stdout | src/lib/__tests__/PluginDiscoveryService.test.ts > PluginDiscoveryService > should upsert plugin data into database
[PluginDiscovery] Processed plugin: pwa-plugin

stdout | src/lib/__tests__/PluginDiscoveryService.test.ts > PluginDiscoveryService > should upsert plugin data into database
[PluginDiscovery] Synchronisation complete.

stdout | src/lib/__tests__/PluginDiscoveryService.test.ts > PluginDiscoveryService > should deactivate missing plugins
[PluginDiscovery] Starting synchronisation...

stdout | src/lib/__tests__/PluginDiscoveryService.test.ts > PluginDiscoveryService > should deactivate missing plugins
[PluginDiscovery] Deactivating 1 missing plugins...

stdout | src/lib/__tests__/PluginDiscoveryService.test.ts > PluginDiscoveryService > should deactivate missing plugins
[PluginDiscovery] Synchronisation complete.

 ✓ src/lib/__tests__/PluginDiscoveryService.test.ts (5 tests) 50ms
 ✓ plugins/loyalty/__tests__/LoyaltyService.test.ts (12 tests) 30ms
 ✓ src/db/__tests__/schema.test.ts (8 tests) 37ms
 ✓ plugins/test-dock/src/__tests__/index.test.js (3 tests) 35ms
 ✓ packages/plugin-starter/src/index.test.js (4 tests) 25ms
 ✓ plugins/crm/__tests__/index.test.ts (3 tests) 23ms
 ✓ src/app/[locale]/__tests__/page.test.tsx (9 tests) 56ms
 ✓ plugins/pwa/__tests__/index.test.ts (2 tests) 14ms
 ✓ src/app/api/manage/[listingId]/stats/__tests__/route.test.ts (1 test) 17ms
 ✓ src/lib/__tests__/properties.test.ts (1 test) 9ms
 ✓ src/lib/__tests__/tenant.test.ts (1 test) 9ms
 ✓ src/lib/__tests__/plugin-contracts.test.ts (3 tests) 7ms
 ✓ src/lib/__tests__/branding.test.ts (1 test) 6ms
stderr | src/lib/__tests__/db.test.ts > Database Wrapper > Transactions > should rollback failed transactions
[DB] Transaction failed: Error: Force failure
    at /home/michael/Proj/campops-marketplace/src/lib/__tests__/db.test.ts:91:17
    at processTicksAndRejections (node:internal/process/task_queues:103:5)
    at DrizzleDatabaseWrapper.transaction (/home/michael/Proj/campops-marketplace/src/lib/db.ts:168:22)
    at /home/michael/Proj/campops-marketplace/src/lib/__tests__/db.test.ts:89:9

 ✓ src/lib/__tests__/db.test.ts (14 tests) 23ms
 ↓ src/lib/__tests__/stripe-sandbox.test.ts (7 tests | 7 skipped)
 ✓ src/components/plugins/__tests__/ComponentRegistry.test.ts (5 tests) 6ms

⎯⎯⎯⎯⎯⎯ Failed Suites 2 ⎯⎯⎯⎯⎯⎯⎯

 FAIL  src/app/api/guest/dashboard/__tests__/route.test.ts [ src/app/api/guest/dashboard/__tests__/route.test.ts ]
Error: [vitest] No "drizzle" export is defined on the "@/lib/db" mock. Did you forget to return it from "vi.mock"?
If you need to partially mock a module, you can use "importOriginal" helper inside:

vi.mock(import("@/lib/db"), async (importOriginal) => {
  const actual = await importOriginal()
  return {
    ...actual,
    // your mocked methods
  }
})

 ❯ src/lib/auth.ts:7:28
      5|
      6| export const auth = betterAuth({
      7|   database: drizzleAdapter(drizzle, {
       |                            ^
      8|     provider:
      9|       typeof process !== 'undefined' &&
 ❯ src/app/api/guest/dashboard/route.ts:3:1

⎯⎯⎯⎯⎯⎯⎯⎯⎯⎯⎯⎯⎯⎯⎯⎯⎯⎯⎯⎯⎯⎯⎯[1/37]⎯

 FAIL  src/app/api/manage/[listingId]/finance/__tests__/route.test.ts [ src/app/api/manage/[listingId]/finance/__tests__/route.test.ts ]
Error: [vitest] No "drizzle" export is defined on the "@/lib/db" mock. Did you forget to return it from "vi.mock"?
If you need to partially mock a module, you can use "importOriginal" helper inside:

vi.mock(import("@/lib/db"), async (importOriginal) => {
  const actual = await importOriginal()
  return {
    ...actual,
    // your mocked methods
  }
})

 ❯ src/lib/auth.ts:7:28
      5|
      6| export const auth = betterAuth({
      7|   database: drizzleAdapter(drizzle, {
       |                            ^
      8|     provider:
      9|       typeof process !== 'undefined' &&
 ❯ src/app/api/manage/[listingId]/finance/route.ts:3:1

⎯⎯⎯⎯⎯⎯⎯⎯⎯⎯⎯⎯⎯⎯⎯⎯⎯⎯⎯⎯⎯⎯⎯[2/37]⎯


⎯⎯⎯⎯⎯⎯ Failed Tests 35 ⎯⎯⎯⎯⎯⎯⎯

 FAIL  packages/plugin-sdk/__tests__/plugin-db-contract.test.ts > Plugin Database Contract > should allow a plugin to create and manage its own tables
 FAIL  packages/plugin-sdk/__tests__/plugin-db-contract.test.ts > Plugin Database Contract > should ensure data isolation between plugins
 FAIL  packages/plugin-sdk/__tests__/plugin-db-contract.test.ts > Plugin Database Contract > should support property-scoped repositories
TypeError: resetMockStore is not a function
 ❯ packages/plugin-sdk/__tests__/plugin-db-contract.test.ts:7:5
      5| describe('Plugin Database Contract', () => {
      6|   beforeEach(() => {
      7|     resetMockStore();
       |     ^
      8|   });
      9|

⎯⎯⎯⎯⎯⎯⎯⎯⎯⎯⎯⎯⎯⎯⎯⎯⎯⎯⎯⎯⎯⎯⎯[3/37]⎯

 FAIL  src/lib/__tests__/PluginAPI-repository.test.ts > PluginAPI Scoped Repository Coverage > repository findMany with propertyId filters by property
 FAIL  src/lib/__tests__/PluginAPI-repository.test.ts > PluginAPI Scoped Repository Coverage > repository findById with propertyId includes property filter
 FAIL  src/lib/__tests__/PluginAPI-repository.test.ts > PluginAPI Scoped Repository Coverage > repository create with propertyId includes property in insert
 FAIL  src/lib/__tests__/PluginAPI-repository.test.ts > PluginAPI Scoped Repository Coverage > repository update with propertyId includes property in where clause
 FAIL  src/lib/__tests__/PluginAPI-repository.test.ts > PluginAPI Scoped Repository Coverage > repository delete with propertyId includes property in where clause
 FAIL  src/lib/__tests__/PluginAPI-repository.test.ts > PluginAPI Scoped Repository Coverage > repository findMany without propertyId does not filter by property
 FAIL  src/lib/__tests__/PluginAPI-repository.test.ts > PluginAPI Scoped Repository Coverage > repository create without propertyId does not include property in insert
SqliteError: near "IF": syntax error
 ❯ Database.prepare ../node_modules/better-sqlite3/lib/methods/wrappers.js:5:21
 ❯ DrizzleDatabaseWrapper.prepare src/lib/db.ts:100:23
     98|     let stmt: any;
     99|     try {
    100|       stmt = sqliteDb.prepare(sqliteSql);
       |                       ^
    101|     } catch (err) {
    102|       if (process.env.NODE_ENV === 'test') throw err;
 ❯ DrizzleDatabaseWrapper.execute src/lib/db.ts:132:17
 ❯ src/lib/__tests__/PluginAPI-repository.test.ts:6:14

⎯⎯⎯⎯⎯⎯⎯⎯⎯⎯⎯⎯⎯⎯⎯⎯⎯⎯⎯⎯⎯⎯⎯[4/37]⎯

 FAIL  src/lib/__tests__/PluginAPI.test.ts > PluginAPI > works without propertyId (master context)
AssertionError: expected "queryOne" to be called with arguments: [ …(2) ]

Received:

  1st queryOne call:

  [
-   StringNotContaining "property_id",
+   "
+         INSERT INTO rooms (name) 
+         VALUES (?) 
+         RETURNING *
+       ",
    [
-     "123",
-     "updated",
+     "global-room",
    ],
  ]

  2nd queryOne call:

  [
-   StringNotContaining "property_id",
+   "UPDATE rooms SET name = ? WHERE id = ? RETURNING *",
    [
+     "updated",
      "123",
-     "updated",
    ],
  ]


Number of calls: 2

 ❯ src/lib/__tests__/PluginAPI.test.ts:325:25
    323|
    324|     await api.db.rooms.update('123', { name: 'updated' });
    325|     expect(queryOneSpy).toHaveBeenCalledWith(expect.not.stringContaini…
       |                         ^
    326|
    327|     await api.db.rooms.findById('123');

⎯⎯⎯⎯⎯⎯⎯⎯⎯⎯⎯⎯⎯⎯⎯⎯⎯⎯⎯⎯⎯⎯⎯[5/37]⎯

 FAIL  src/lib/__tests__/admin.test.ts > Marketplace Admin API > POST /api/admin/shops/:id/deactivate > should deactivate a shop
AssertionError: expected undefined to be true // Object.is equality

- Expected:
true

+ Received:
undefined

 ❯ src/lib/__tests__/admin.test.ts:147:30
    145|       // Verify shop is initially active
    146|       let shop = await db.prepare('SELECT * FROM properties WHERE id =…
    147|       expect(shop.is_active).toBe(true);
       |                              ^
    148|
    149|       // Deactivate the shop

⎯⎯⎯⎯⎯⎯⎯⎯⎯⎯⎯⎯⎯⎯⎯⎯⎯⎯⎯⎯⎯⎯⎯[6/37]⎯

 FAIL  src/lib/__tests__/db-coverage.test.ts > Database Coverage Tests > query with FALLBACK_TEST triggers fallback path
SqliteError: near "FALLBACK_TEST": syntax error
 ❯ Database.prepare ../node_modules/better-sqlite3/lib/methods/wrappers.js:5:21
 ❯ DrizzleDatabaseWrapper.prepare src/lib/db.ts:100:23
     98|     let stmt: any;
     99|     try {
    100|       stmt = sqliteDb.prepare(sqliteSql);
       |                       ^
    101|     } catch (err) {
    102|       if (process.env.NODE_ENV === 'test') throw err;
 ❯ DrizzleDatabaseWrapper.query src/lib/db.ts:143:17
 ❯ src/lib/__tests__/db-coverage.test.ts:303:29

⎯⎯⎯⎯⎯⎯⎯⎯⎯⎯⎯⎯⎯⎯⎯⎯⎯⎯⎯⎯⎯⎯⎯[7/37]⎯

 FAIL  src/lib/__tests__/db-coverage.test.ts > Database Coverage Tests > queryOne with FALLBACK_TEST triggers fallback path
SqliteError: near "FALLBACK_TEST": syntax error
 ❯ Database.prepare ../node_modules/better-sqlite3/lib/methods/wrappers.js:5:21
 ❯ DrizzleDatabaseWrapper.prepare src/lib/db.ts:100:23
     98|     let stmt: any;
     99|     try {
    100|       stmt = sqliteDb.prepare(sqliteSql);
       |                       ^
    101|     } catch (err) {
    102|       if (process.env.NODE_ENV === 'test') throw err;
 ❯ DrizzleDatabaseWrapper.queryOne src/lib/db.ts:147:17
 ❯ src/lib/__tests__/db-coverage.test.ts:308:29

⎯⎯⎯⎯⎯⎯⎯⎯⎯⎯⎯⎯⎯⎯⎯⎯⎯⎯⎯⎯⎯⎯⎯[8/37]⎯

 FAIL  src/lib/__tests__/payments.test.ts > Marketplace Payment Processing & Commission > Stripe Connect Account Management > should create a Stripe Connect account for a property owner
 FAIL  src/lib/__tests__/payments.test.ts > Marketplace Payment Processing & Commission > Stripe Connect Account Management > should update Stripe Connect account status after onboarding
 FAIL  src/lib/__tests__/payments.test.ts > Marketplace Payment Processing & Commission > Commission Rate Management > should use global default commission rate
 FAIL  src/lib/__tests__/payments.test.ts > Marketplace Payment Processing & Commission > Commission Rate Management > should create custom commission rate for a property
 FAIL  src/lib/__tests__/payments.test.ts > Marketplace Payment Processing & Commission > Marketplace Bookings > should create a marketplace booking
 FAIL  src/lib/__tests__/payments.test.ts > Marketplace Payment Processing & Commission > Marketplace Bookings > should create booking with Stripe payment intent
 FAIL  src/lib/__tests__/payments.test.ts > Marketplace Payment Processing & Commission > Commission Transactions > should calculate and record commission for a booking
 FAIL  src/lib/__tests__/payments.test.ts > Marketplace Payment Processing & Commission > Commission Transactions > should update transaction status after Stripe transfer
 FAIL  src/lib/__tests__/payments.test.ts > Marketplace Payment Processing & Commission > Payout Summaries > should create payout summary for a period
 FAIL  src/lib/__tests__/payments.test.ts > Marketplace Payment Processing & Commission > Payout Summaries > should update payout summary after payment
SqliteError: unrecognized token: ":"
 ❯ Database.prepare ../node_modules/better-sqlite3/lib/methods/wrappers.js:5:21
 ❯ DrizzleDatabaseWrapper.prepare src/lib/db.ts:100:23
     98|     let stmt: any;
     99|     try {
    100|       stmt = sqliteDb.prepare(sqliteSql);
       |                       ^
    101|     } catch (err) {
    102|       if (process.env.NODE_ENV === 'test') throw err;
 ❯ src/lib/__tests__/payments.test.ts:34:8

⎯⎯⎯⎯⎯⎯⎯⎯⎯⎯⎯⎯⎯⎯⎯⎯⎯⎯⎯⎯⎯⎯⎯[9/37]⎯

 FAIL  src/lib/__tests__/plugin-ecosystem.test.ts > Marketplace Plugin Ecosystem > Plugin Assets (UI Injection) > should fetch active assets for frontend injection
AssertionError: expected false to be true // Object.is equality

- Expected
+ Received

- true
+ false

 ❯ src/lib/__tests__/plugin-ecosystem.test.ts:245:72
    243|
    244|       expect(enabledPlugins.length).toBeGreaterThanOrEqual(1);
    245|       expect(enabledPlugins.some((p) => p.plugin_name === pluginName))…
       |                                                                        ^
    246|
    247|       // Fetch assets for the plugin

⎯⎯⎯⎯⎯⎯⎯⎯⎯⎯⎯⎯⎯⎯⎯⎯⎯⎯⎯⎯⎯⎯[10/37]⎯

 FAIL  src/lib/__tests__/plugin-ecosystem.test.ts > Marketplace Plugin Ecosystem > Property Plugin Management > should enable a plugin for a property
AssertionError: expected undefined to be true // Object.is equality

- Expected:
true

+ Received:
undefined

 ❯ src/lib/__tests__/plugin-ecosystem.test.ts:296:40
    294|
    295|       expect(enabledPlugin).toBeTruthy();
    296|       expect(enabledPlugin.is_enabled).toBe(true);
       |                                        ^
    297|       expect(enabledPlugin.config.enabled).toBe(true);
    298|       expect(enabledPlugin.installed_version).toBe('1.0.0');

⎯⎯⎯⎯⎯⎯⎯⎯⎯⎯⎯⎯⎯⎯⎯⎯⎯⎯⎯⎯⎯⎯[11/37]⎯

 FAIL  src/lib/__tests__/plugin-ecosystem.test.ts > Marketplace Plugin Ecosystem > Property Plugin Management > should disable a plugin for a property
AssertionError: expected undefined to be false // Object.is equality

- Expected:
false

+ Received:
undefined

 ❯ src/lib/__tests__/plugin-ecosystem.test.ts:344:41
    342|
    343|       expect(disabledPlugin).toBeTruthy();
    344|       expect(disabledPlugin.is_enabled).toBe(false);
       |                                         ^
    345|       expect(disabledPlugin.last_disabled_at).toBeTruthy();
    346|     });

⎯⎯⎯⎯⎯⎯⎯⎯⎯⎯⎯⎯⎯⎯⎯⎯⎯⎯⎯⎯⎯⎯[12/37]⎯

 FAIL  src/lib/__tests__/plugin-ecosystem.test.ts > Marketplace Plugin Ecosystem > Property Plugin Management > should update plugin configuration
RangeError: Too few parameter values were provided
 ❯ Statement.stmt.run src/lib/db.ts:125:14
    123|     const originalRun = stmt.run.bind(stmt);
    124|     stmt.run = (...args: any[]) => {
    125|       return originalRun(...this._wrapArgs(args, placeholders));
       |              ^
    126|     };
    127|
 ❯ src/lib/__tests__/plugin-ecosystem.test.ts:362:10

⎯⎯⎯⎯⎯⎯⎯⎯⎯⎯⎯⎯⎯⎯⎯⎯⎯⎯⎯⎯⎯⎯[13/37]⎯

 FAIL  src/lib/__tests__/plugin-ecosystem.test.ts > Marketplace Plugin Ecosystem > Property Plugin Management > should list active plugins with their manifests for the frontend
AssertionError: expected 0 to be greater than or equal to 2
 ❯ src/lib/__tests__/plugin-ecosystem.test.ts:428:38
    426|       const filteredPlugins = activePlugins.filter((p) => p.is_enabled…
    427|
    428|       expect(filteredPlugins.length).toBeGreaterThanOrEqual(2);
       |                                      ^
    429|
    430|       for (const plugin of filteredPlugins) {

⎯⎯⎯⎯⎯⎯⎯⎯⎯⎯⎯⎯⎯⎯⎯⎯⎯⎯⎯⎯⎯⎯[14/37]⎯

 FAIL  src/lib/__tests__/plugins.test.ts > Marketplace Plugin Registry API > should return active plugins for a property
AssertionError: expected undefined to be 'loyalty-program' // Object.is equality

- Expected:
"loyalty-program"

+ Received:
undefined

 ❯ src/lib/__tests__/plugins.test.ts:44:36
     42|
     43|     expect(plugins.length).toBe(1);
     44|     expect(plugins[0].plugin_name).toBe('loyalty-program');
       |                                    ^
     45|   });
     46| });

⎯⎯⎯⎯⎯⎯⎯⎯⎯⎯⎯⎯⎯⎯⎯⎯⎯⎯⎯⎯⎯⎯[15/37]⎯

 FAIL  src/app/api/master/plugins/__tests__/route.test.ts > GET /api/master/plugins > should return all plugins
AssertionError: expected [] to deeply equal [ { id: 'ical-sync', …(6) } ]

- Expected
+ Received

- [
-   {
-     "category": "operations",
-     "displayName": "iCal Sync",
-     "id": "ical-sync",
-     "isActive": true,
-     "isOfficial": true,
-     "manifest": {},
-     "name": "ical-sync",
-   },
- ]
+ []

 ❯ src/app/api/master/plugins/__tests__/route.test.ts:54:26
     52|
     53|     expect(res.status).toBe(200);
     54|     expect(data.plugins).toEqual(mockPlugins);
       |                          ^
     55|     expect(data.total).toBe(10);
     56|   });

⎯⎯⎯⎯⎯⎯⎯⎯⎯⎯⎯⎯⎯⎯⎯⎯⎯⎯⎯⎯⎯⎯[16/37]⎯

 FAIL  src/app/api/master/plugins/__tests__/route.test.ts > GET /api/master/plugins > should return empty array when no plugins exist
AssertionError: expected 500 to be 200 // Object.is equality

- Expected
+ Received

- 200
+ 500

 ❯ src/app/api/master/plugins/__tests__/route.test.ts:81:24
     79|     const data = await res.json();
     80|
     81|     expect(res.status).toBe(200);
       |                        ^
     82|     expect(data.plugins).toEqual([]);
     83|     expect(data.total).toBe(0);

⎯⎯⎯⎯⎯⎯⎯⎯⎯⎯⎯⎯⎯⎯⎯⎯⎯⎯⎯⎯⎯⎯[17/37]⎯

 FAIL  src/app/api/master/plugins/__tests__/route.test.ts > GET /api/master/plugins > should handle null count result
AssertionError: expected 500 to be 200 // Object.is equality

- Expected
+ Received

- 200
+ 500

 ❯ src/app/api/master/plugins/__tests__/route.test.ts:95:24
     93|     const data = await res.json();
     94|
     95|     expect(res.status).toBe(200);
       |                        ^
     96|     expect(data.total).toBe(0);
     97|   });

⎯⎯⎯⎯⎯⎯⎯⎯⎯⎯⎯⎯⎯⎯⎯⎯⎯⎯⎯⎯⎯⎯[18/37]⎯

 FAIL  src/app/api/master/plugins/__tests__/route.test.ts > GET /api/master/plugins > should handle custom limit and skip parameters
AssertionError: expected 500 to be 200 // Object.is equality

- Expected
+ Received

- 200
+ 500

 ❯ src/app/api/master/plugins/__tests__/route.test.ts:107:24
    105|     const res = await GET(req);
    106|
    107|     expect(res.status).toBe(200);
       |                        ^
    108|   });
    109| });

⎯⎯⎯⎯⎯⎯⎯⎯⎯⎯⎯⎯⎯⎯⎯⎯⎯⎯⎯⎯⎯⎯[19/37]⎯

 FAIL  src/app/api/master/stats/__tests__/route.test.ts > GET /api/master/stats > returns stats if adminId is correct
AssertionError: expected 500 to be 200 // Object.is equality

- Expected
+ Received

- 200
+ 500

 ❯ src/app/api/master/stats/__tests__/route.test.ts:14:24
     12|     const req = new Request('http://localhost/api/master/stats?adminId…
     13|     const res = await GET(req);
     14|     expect(res.status).toBe(200);
       |                        ^
     15|     const data = await res.json();
     16|     expect(data).toHaveProperty('totalListings');

⎯⎯⎯⎯⎯⎯⎯⎯⎯⎯⎯⎯⎯⎯⎯⎯⎯⎯⎯⎯⎯⎯[20/37]⎯


 Test Files  12 failed | 36 passed | 1 skipped (49)
      Tests  35 failed | 303 passed | 7 skipped (345)
   Start at  04:24:14
   Duration  11.19s (transform 3.26s, setup 75.19s, import 6.16s, tests 4.49s, environment 8.45s)

npm error Lifecycle script `test` failed with error:
npm error code 1
npm error path /home/michael/Proj/campops-marketplace
npm error workspace @campops/marketplace@1.0.0
npm error location /home/michael/Proj/campops-marketplace
npm error command failed
npm error command sh -c vitest run
